-- The C compiler identification is GNU 11.4.0
-- The CXX compiler identification is GNU 11.4.0
-- Detecting C compiler ABI info
-- Detecting C compiler ABI info - done
-- Check for working C compiler: /usr/bin/cc - skipped
-- Detecting C compile features
-- Detecting C compile features - done
-- Detecting CXX compiler ABI info
-- Detecting CXX compiler ABI info - done
-- Check for working CXX compiler: /usr/bin/c++ - skipped
-- Detecting CXX compile features
-- Detecting CXX compile features - done
-- Found ament_cmake: 1.3.14 (/opt/ros/humble/share/ament_cmake/cmake)
-- Found Python3: /usr/bin/python3 (found version "3.10.12") found components: Interpreter 
-- Found rosidl_default_generators: 1.2.1 (/opt/ros/humble/share/rosidl_default_generators/cmake)
-- Using all available rosidl_typesupport_c: rosidl_typesupport_fastrtps_c;rosidl_typesupport_introspection_c
-- Found rosidl_adapter: 3.1.5 (/opt/ros/humble/share/rosidl_adapter/cmake)
-- Using all available rosidl_typesupport_cpp: rosidl_typesupport_fastrtps_cpp;rosidl_typesupport_introspection_cpp
-- Found std_msgs: 4.2.4 (/opt/ros/humble/share/std_msgs/cmake)
-- Found ament_cmake_ros: 0.10.0 (/opt/ros/humble/share/ament_cmake_ros/cmake)
-- Using all available rosidl_typesupport_c: rosidl_typesupport_fastrtps_c;rosidl_typesupport_introspection_c
-- Using all available rosidl_typesupport_cpp: rosidl_typesupport_fastrtps_cpp;rosidl_typesupport_introspection_cpp
-- Found PythonInterp: /usr/bin/python3 (found suitable version "3.10.12", minimum required is "3.6") 
-- Found python_cmake_module: 0.10.0 (/opt/ros/humble/share/python_cmake_module/cmake)
-- Found PythonLibs: /usr/lib/x86_64-linux-gnu/libpython3.10.so (found suitable version "3.10.12", minimum required is "3.5") 
-- Using PYTHON_EXECUTABLE: /usr/bin/python3
-- Using PYTHON_INCLUDE_DIRS: /usr/include/python3.10
-- Using PYTHON_LIBRARIES: /usr/lib/x86_64-linux-gnu/libpython3.10.so
-- Found PythonExtra: .so  
-- Found ament_lint_auto: 0.12.11 (/opt/ros/humble/share/ament_lint_auto/cmake)
-- Added test 'copyright' to check source files copyright and LICENSE
-- Added test 'lint_cmake' to check CMake code style
-- Added test 'xmllint' to check XML markup files
-- Configuring done
-- Generating done
-- Build files have been written to: /home/misys/ros2_ws/src/point_display/build/rviz_plugin_tutorial_msgs
[  3%] [34m[1mGenerating C code for ROS interfaces[0m
[  6%] [34m[1mGenerating C++ code for ROS interfaces[0m
[  9%] [34m[1mGenerating Rust code for ROS interfaces[0m
[  9%] Built target ament_cmake_python_copy_rviz_plugin_tutorial_msgs
[  9%] Built target rviz_plugin_tutorial_msgs__rs
[  9%] Built target rviz_plugin_tutorial_msgs__cpp
[ 12%] [32mBuilding C object CMakeFiles/rviz_plugin_tutorial_msgs__rosidl_generator_c.dir/rosidl_generator_c/rviz_plugin_tutorial_msgs/msg/detail/point2_d__functions.c.o[0m
[ 15%] [34m[1mGenerating C++ type support for eProsima Fast-RTPS[0m
[ 18%] [34m[1mGenerating C++ introspection for ROS interfaces[0m
[ 21%] [34m[1mGenerating C++ type support dispatch for ROS interfaces[0m
running egg_info
creating rviz_plugin_tutorial_msgs.egg-info
writing rviz_plugin_tutorial_msgs.egg-info/PKG-INFO
writing dependency_links to rviz_plugin_tutorial_msgs.egg-info/dependency_links.txt
writing top-level names to rviz_plugin_tutorial_msgs.egg-info/top_level.txt
writing manifest file 'rviz_plugin_tutorial_msgs.egg-info/SOURCES.txt'
reading manifest file 'rviz_plugin_tutorial_msgs.egg-info/SOURCES.txt'
writing manifest file 'rviz_plugin_tutorial_msgs.egg-info/SOURCES.txt'
[ 21%] Built target ament_cmake_python_build_rviz_plugin_tutorial_msgs_egg
[ 25%] [32m[1mLinking C shared library librviz_plugin_tutorial_msgs__rosidl_generator_c.so[0m
[ 25%] Built target rviz_plugin_tutorial_msgs__rosidl_generator_c
[ 28%] [34m[1mGenerating C type support for eProsima Fast-RTPS[0m
[ 31%] [34m[1mGenerating C introspection for ROS interfaces[0m
[ 34%] [34m[1mGenerating C type support dispatch for ROS interfaces[0m
[ 37%] [32mBuilding CXX object CMakeFiles/rviz_plugin_tutorial_msgs__rosidl_typesupport_cpp.dir/rosidl_typesupport_cpp/rviz_plugin_tutorial_msgs/msg/point2_d__type_support.cpp.o[0m
[ 40%] [32mBuilding CXX object CMakeFiles/rviz_plugin_tutorial_msgs__rosidl_typesupport_introspection_cpp.dir/rosidl_typesupport_introspection_cpp/rviz_plugin_tutorial_msgs/msg/detail/point2_d__type_support.cpp.o[0m
[ 43%] [32mBuilding CXX object CMakeFiles/rviz_plugin_tutorial_msgs__rosidl_typesupport_fastrtps_cpp.dir/rosidl_typesupport_fastrtps_cpp/rviz_plugin_tutorial_msgs/msg/detail/dds_fastrtps/point2_d__type_support.cpp.o[0m
[ 46%] [32mBuilding CXX object CMakeFiles/rviz_plugin_tutorial_msgs__rosidl_typesupport_c.dir/rosidl_typesupport_c/rviz_plugin_tutorial_msgs/msg/point2_d__type_support.cpp.o[0m
[ 50%] [32mBuilding C object CMakeFiles/rviz_plugin_tutorial_msgs__rosidl_typesupport_introspection_c.dir/rosidl_typesupport_introspection_c/rviz_plugin_tutorial_msgs/msg/detail/point2_d__type_support.c.o[0m
[ 53%] [32mBuilding CXX object CMakeFiles/rviz_plugin_tutorial_msgs__rosidl_typesupport_fastrtps_c.dir/rosidl_typesupport_fastrtps_c/rviz_plugin_tutorial_msgs/msg/detail/point2_d__type_support_c.cpp.o[0m
[ 56%] [32m[1mLinking CXX shared library librviz_plugin_tutorial_msgs__rosidl_typesupport_c.so[0m
[ 59%] [32m[1mLinking C shared library librviz_plugin_tutorial_msgs__rosidl_typesupport_introspection_c.so[0m
[ 59%] Built target rviz_plugin_tutorial_msgs__rosidl_typesupport_c
[ 62%] [32m[1mLinking CXX shared library librviz_plugin_tutorial_msgs__rosidl_typesupport_cpp.so[0m
[ 62%] Built target rviz_plugin_tutorial_msgs__rosidl_typesupport_introspection_c
[ 62%] Built target rviz_plugin_tutorial_msgs__rosidl_typesupport_cpp
[ 65%] [32m[1mLinking CXX shared library librviz_plugin_tutorial_msgs__rosidl_typesupport_introspection_cpp.so[0m
[ 68%] [32m[1mLinking CXX shared library librviz_plugin_tutorial_msgs__rosidl_typesupport_fastrtps_cpp.so[0m
[ 68%] Built target rviz_plugin_tutorial_msgs__rosidl_typesupport_introspection_cpp
[ 68%] Built target rviz_plugin_tutorial_msgs__rosidl_typesupport_fastrtps_cpp
[ 71%] [32m[1mLinking CXX shared library librviz_plugin_tutorial_msgs__rosidl_typesupport_fastrtps_c.so[0m
[ 71%] Built target rviz_plugin_tutorial_msgs__rosidl_typesupport_fastrtps_c
[ 71%] Built target rviz_plugin_tutorial_msgs
[ 75%] [34m[1mGenerating Python code for ROS interfaces[0m
[ 75%] Built target rviz_plugin_tutorial_msgs__py
[ 78%] [32mBuilding C object CMakeFiles/rviz_plugin_tutorial_msgs__rosidl_generator_py.dir/rosidl_generator_py/rviz_plugin_tutorial_msgs/msg/_point2_d_s.c.o[0m
[ 81%] [32m[1mLinking C shared library rosidl_generator_py/rviz_plugin_tutorial_msgs/librviz_plugin_tutorial_msgs__rosidl_generator_py.so[0m
[ 81%] Built target rviz_plugin_tutorial_msgs__rosidl_generator_py
[ 84%] [32mBuilding C object CMakeFiles/rviz_plugin_tutorial_msgs__rosidl_typesupport_c__pyext.dir/rosidl_generator_py/rviz_plugin_tutorial_msgs/_rviz_plugin_tutorial_msgs_s.ep.rosidl_typesupport_c.c.o[0m
[ 87%] [32mBuilding C object CMakeFiles/rviz_plugin_tutorial_msgs__rosidl_typesupport_introspection_c__pyext.dir/rosidl_generator_py/rviz_plugin_tutorial_msgs/_rviz_plugin_tutorial_msgs_s.ep.rosidl_typesupport_introspection_c.c.o[0m
[ 90%] [32mBuilding C object CMakeFiles/rviz_plugin_tutorial_msgs__rosidl_typesupport_fastrtps_c__pyext.dir/rosidl_generator_py/rviz_plugin_tutorial_msgs/_rviz_plugin_tutorial_msgs_s.ep.rosidl_typesupport_fastrtps_c.c.o[0m
[ 93%] [32m[1mLinking C shared library rosidl_generator_py/rviz_plugin_tutorial_msgs/rviz_plugin_tutorial_msgs_s__rosidl_typesupport_c.cpython-310-x86_64-linux-gnu.so[0m
[ 96%] [32m[1mLinking C shared library rosidl_generator_py/rviz_plugin_tutorial_msgs/rviz_plugin_tutorial_msgs_s__rosidl_typesupport_introspection_c.cpython-310-x86_64-linux-gnu.so[0m
[100%] [32m[1mLinking C shared library rosidl_generator_py/rviz_plugin_tutorial_msgs/rviz_plugin_tutorial_msgs_s__rosidl_typesupport_fastrtps_c.cpython-310-x86_64-linux-gnu.so[0m
[100%] Built target rviz_plugin_tutorial_msgs__rosidl_typesupport_fastrtps_c__pyext
[100%] Built target rviz_plugin_tutorial_msgs__rosidl_typesupport_c__pyext
[100%] Built target rviz_plugin_tutorial_msgs__rosidl_typesupport_introspection_c__pyext
-- Install configuration: ""
-- Installing: /home/misys/ros2_ws/src/point_display/install/rviz_plugin_tutorial_msgs/share/ament_index/resource_index/rosidl_interfaces/rviz_plugin_tutorial_msgs
-- Installing: /home/misys/ros2_ws/src/point_display/install/rviz_plugin_tutorial_msgs/include/rviz_plugin_tutorial_msgs/rviz_plugin_tutorial_msgs
-- Installing: /home/misys/ros2_ws/src/point_display/install/rviz_plugin_tutorial_msgs/include/rviz_plugin_tutorial_msgs/rviz_plugin_tutorial_msgs/msg
-- Installing: /home/misys/ros2_ws/src/point_display/install/rviz_plugin_tutorial_msgs/include/rviz_plugin_tutorial_msgs/rviz_plugin_tutorial_msgs/msg/rosidl_generator_c__visibility_control.h
-- Installing: /home/misys/ros2_ws/src/point_display/install/rviz_plugin_tutorial_msgs/include/rviz_plugin_tutorial_msgs/rviz_plugin_tutorial_msgs/msg/detail
-- Installing: /home/misys/ros2_ws/src/point_display/install/rviz_plugin_tutorial_msgs/include/rviz_plugin_tutorial_msgs/rviz_plugin_tutorial_msgs/msg/detail/point2_d__type_support.h
-- Installing: /home/misys/ros2_ws/src/point_display/install/rviz_plugin_tutorial_msgs/include/rviz_plugin_tutorial_msgs/rviz_plugin_tutorial_msgs/msg/detail/point2_d__functions.h
-- Installing: /home/misys/ros2_ws/src/point_display/install/rviz_plugin_tutorial_msgs/include/rviz_plugin_tutorial_msgs/rviz_plugin_tutorial_msgs/msg/detail/point2_d__functions.c
-- Installing: /home/misys/ros2_ws/src/point_display/install/rviz_plugin_tutorial_msgs/include/rviz_plugin_tutorial_msgs/rviz_plugin_tutorial_msgs/msg/detail/point2_d__struct.h
-- Installing: /home/misys/ros2_ws/src/point_display/install/rviz_plugin_tutorial_msgs/include/rviz_plugin_tutorial_msgs/rviz_plugin_tutorial_msgs/msg/point2_d.h
-- Installing: /home/misys/ros2_ws/src/point_display/install/rviz_plugin_tutorial_msgs/share/rviz_plugin_tutorial_msgs/environment/library_path.sh
-- Installing: /home/misys/ros2_ws/src/point_display/install/rviz_plugin_tutorial_msgs/share/rviz_plugin_tutorial_msgs/environment/library_path.dsv
-- Installing: /home/misys/ros2_ws/src/point_display/install/rviz_plugin_tutorial_msgs/lib/librviz_plugin_tutorial_msgs__rosidl_generator_c.so
-- Set runtime path of "/home/misys/ros2_ws/src/point_display/install/rviz_plugin_tutorial_msgs/lib/librviz_plugin_tutorial_msgs__rosidl_generator_c.so" to ""
-- Up-to-date: /home/misys/ros2_ws/src/point_display/install/rviz_plugin_tutorial_msgs/include/rviz_plugin_tutorial_msgs/rviz_plugin_tutorial_msgs
-- Up-to-date: /home/misys/ros2_ws/src/point_display/install/rviz_plugin_tutorial_msgs/include/rviz_plugin_tutorial_msgs/rviz_plugin_tutorial_msgs/msg
-- Installing: /home/misys/ros2_ws/src/point_display/install/rviz_plugin_tutorial_msgs/include/rviz_plugin_tutorial_msgs/rviz_plugin_tutorial_msgs/msg/rosidl_typesupport_fastrtps_c__visibility_control.h
-- Up-to-date: /home/misys/ros2_ws/src/point_display/install/rviz_plugin_tutorial_msgs/include/rviz_plugin_tutorial_msgs/rviz_plugin_tutorial_msgs/msg/detail
-- Installing: /home/misys/ros2_ws/src/point_display/install/rviz_plugin_tutorial_msgs/include/rviz_plugin_tutorial_msgs/rviz_plugin_tutorial_msgs/msg/detail/point2_d__rosidl_typesupport_fastrtps_c.h
-- Installing: /home/misys/ros2_ws/src/point_display/install/rviz_plugin_tutorial_msgs/lib/librviz_plugin_tutorial_msgs__rosidl_typesupport_fastrtps_c.so
-- Set runtime path of "/home/misys/ros2_ws/src/point_display/install/rviz_plugin_tutorial_msgs/lib/librviz_plugin_tutorial_msgs__rosidl_typesupport_fastrtps_c.so" to ""
-- Up-to-date: /home/misys/ros2_ws/src/point_display/install/rviz_plugin_tutorial_msgs/include/rviz_plugin_tutorial_msgs/rviz_plugin_tutorial_msgs
-- Up-to-date: /home/misys/ros2_ws/src/point_display/install/rviz_plugin_tutorial_msgs/include/rviz_plugin_tutorial_msgs/rviz_plugin_tutorial_msgs/msg
-- Installing: /home/misys/ros2_ws/src/point_display/install/rviz_plugin_tutorial_msgs/include/rviz_plugin_tutorial_msgs/rviz_plugin_tutorial_msgs/msg/rosidl_typesupport_introspection_c__visibility_control.h
-- Up-to-date: /home/misys/ros2_ws/src/point_display/install/rviz_plugin_tutorial_msgs/include/rviz_plugin_tutorial_msgs/rviz_plugin_tutorial_msgs/msg/detail
-- Installing: /home/misys/ros2_ws/src/point_display/install/rviz_plugin_tutorial_msgs/include/rviz_plugin_tutorial_msgs/rviz_plugin_tutorial_msgs/msg/detail/point2_d__rosidl_typesupport_introspection_c.h
-- Installing: /home/misys/ros2_ws/src/point_display/install/rviz_plugin_tutorial_msgs/include/rviz_plugin_tutorial_msgs/rviz_plugin_tutorial_msgs/msg/detail/point2_d__type_support.c
-- Installing: /home/misys/ros2_ws/src/point_display/install/rviz_plugin_tutorial_msgs/lib/librviz_plugin_tutorial_msgs__rosidl_typesupport_introspection_c.so
-- Set runtime path of "/home/misys/ros2_ws/src/point_display/install/rviz_plugin_tutorial_msgs/lib/librviz_plugin_tutorial_msgs__rosidl_typesupport_introspection_c.so" to ""
-- Installing: /home/misys/ros2_ws/src/point_display/install/rviz_plugin_tutorial_msgs/lib/librviz_plugin_tutorial_msgs__rosidl_typesupport_c.so
-- Set runtime path of "/home/misys/ros2_ws/src/point_display/install/rviz_plugin_tutorial_msgs/lib/librviz_plugin_tutorial_msgs__rosidl_typesupport_c.so" to ""
-- Up-to-date: /home/misys/ros2_ws/src/point_display/install/rviz_plugin_tutorial_msgs/include/rviz_plugin_tutorial_msgs/rviz_plugin_tutorial_msgs
-- Up-to-date: /home/misys/ros2_ws/src/point_display/install/rviz_plugin_tutorial_msgs/include/rviz_plugin_tutorial_msgs/rviz_plugin_tutorial_msgs/msg
-- Up-to-date: /home/misys/ros2_ws/src/point_display/install/rviz_plugin_tutorial_msgs/include/rviz_plugin_tutorial_msgs/rviz_plugin_tutorial_msgs/msg/detail
-- Installing: /home/misys/ros2_ws/src/point_display/install/rviz_plugin_tutorial_msgs/include/rviz_plugin_tutorial_msgs/rviz_plugin_tutorial_msgs/msg/detail/point2_d__builder.hpp
-- Installing: /home/misys/ros2_ws/src/point_display/install/rviz_plugin_tutorial_msgs/include/rviz_plugin_tutorial_msgs/rviz_plugin_tutorial_msgs/msg/detail/point2_d__traits.hpp
-- Installing: /home/misys/ros2_ws/src/point_display/install/rviz_plugin_tutorial_msgs/include/rviz_plugin_tutorial_msgs/rviz_plugin_tutorial_msgs/msg/detail/point2_d__struct.hpp
-- Installing: /home/misys/ros2_ws/src/point_display/install/rviz_plugin_tutorial_msgs/include/rviz_plugin_tutorial_msgs/rviz_plugin_tutorial_msgs/msg/point2_d.hpp
-- Up-to-date: /home/misys/ros2_ws/src/point_display/install/rviz_plugin_tutorial_msgs/include/rviz_plugin_tutorial_msgs/rviz_plugin_tutorial_msgs
-- Up-to-date: /home/misys/ros2_ws/src/point_display/install/rviz_plugin_tutorial_msgs/include/rviz_plugin_tutorial_msgs/rviz_plugin_tutorial_msgs/msg
-- Installing: /home/misys/ros2_ws/src/point_display/install/rviz_plugin_tutorial_msgs/include/rviz_plugin_tutorial_msgs/rviz_plugin_tutorial_msgs/msg/rosidl_typesupport_fastrtps_cpp__visibility_control.h
-- Up-to-date: /home/misys/ros2_ws/src/point_display/install/rviz_plugin_tutorial_msgs/include/rviz_plugin_tutorial_msgs/rviz_plugin_tutorial_msgs/msg/detail
-- Installing: /home/misys/ros2_ws/src/point_display/install/rviz_plugin_tutorial_msgs/include/rviz_plugin_tutorial_msgs/rviz_plugin_tutorial_msgs/msg/detail/point2_d__rosidl_typesupport_fastrtps_cpp.hpp
-- Installing: /home/misys/ros2_ws/src/point_display/install/rviz_plugin_tutorial_msgs/include/rviz_plugin_tutorial_msgs/rviz_plugin_tutorial_msgs/msg/detail/dds_fastrtps
-- Installing: /home/misys/ros2_ws/src/point_display/install/rviz_plugin_tutorial_msgs/lib/librviz_plugin_tutorial_msgs__rosidl_typesupport_fastrtps_cpp.so
-- Set runtime path of "/home/misys/ros2_ws/src/point_display/install/rviz_plugin_tutorial_msgs/lib/librviz_plugin_tutorial_msgs__rosidl_typesupport_fastrtps_cpp.so" to ""
-- Up-to-date: /home/misys/ros2_ws/src/point_display/install/rviz_plugin_tutorial_msgs/include/rviz_plugin_tutorial_msgs/rviz_plugin_tutorial_msgs
-- Up-to-date: /home/misys/ros2_ws/src/point_display/install/rviz_plugin_tutorial_msgs/include/rviz_plugin_tutorial_msgs/rviz_plugin_tutorial_msgs/msg
-- Up-to-date: /home/misys/ros2_ws/src/point_display/install/rviz_plugin_tutorial_msgs/include/rviz_plugin_tutorial_msgs/rviz_plugin_tutorial_msgs/msg/detail
-- Installing: /home/misys/ros2_ws/src/point_display/install/rviz_plugin_tutorial_msgs/include/rviz_plugin_tutorial_msgs/rviz_plugin_tutorial_msgs/msg/detail/point2_d__rosidl_typesupport_introspection_cpp.hpp
-- Installing: /home/misys/ros2_ws/src/point_display/install/rviz_plugin_tutorial_msgs/include/rviz_plugin_tutorial_msgs/rviz_plugin_tutorial_msgs/msg/detail/point2_d__type_support.cpp
-- Installing: /home/misys/ros2_ws/src/point_display/install/rviz_plugin_tutorial_msgs/lib/librviz_plugin_tutorial_msgs__rosidl_typesupport_introspection_cpp.so
-- Set runtime path of "/home/misys/ros2_ws/src/point_display/install/rviz_plugin_tutorial_msgs/lib/librviz_plugin_tutorial_msgs__rosidl_typesupport_introspection_cpp.so" to ""
-- Installing: /home/misys/ros2_ws/src/point_display/install/rviz_plugin_tutorial_msgs/lib/librviz_plugin_tutorial_msgs__rosidl_typesupport_cpp.so
-- Set runtime path of "/home/misys/ros2_ws/src/point_display/install/rviz_plugin_tutorial_msgs/lib/librviz_plugin_tutorial_msgs__rosidl_typesupport_cpp.so" to ""
-- Installing: /home/misys/ros2_ws/src/point_display/install/rviz_plugin_tutorial_msgs/share/rviz_plugin_tutorial_msgs/environment/pythonpath.sh
-- Installing: /home/misys/ros2_ws/src/point_display/install/rviz_plugin_tutorial_msgs/share/rviz_plugin_tutorial_msgs/environment/pythonpath.dsv
-- Installing: /home/misys/ros2_ws/src/point_display/install/rviz_plugin_tutorial_msgs/local/lib/python3.10/dist-packages/rviz_plugin_tutorial_msgs-0.0.0-py3.10.egg-info
-- Installing: /home/misys/ros2_ws/src/point_display/install/rviz_plugin_tutorial_msgs/local/lib/python3.10/dist-packages/rviz_plugin_tutorial_msgs-0.0.0-py3.10.egg-info/dependency_links.txt
-- Installing: /home/misys/ros2_ws/src/point_display/install/rviz_plugin_tutorial_msgs/local/lib/python3.10/dist-packages/rviz_plugin_tutorial_msgs-0.0.0-py3.10.egg-info/top_level.txt
-- Installing: /home/misys/ros2_ws/src/point_display/install/rviz_plugin_tutorial_msgs/local/lib/python3.10/dist-packages/rviz_plugin_tutorial_msgs-0.0.0-py3.10.egg-info/PKG-INFO
-- Installing: /home/misys/ros2_ws/src/point_display/install/rviz_plugin_tutorial_msgs/local/lib/python3.10/dist-packages/rviz_plugin_tutorial_msgs-0.0.0-py3.10.egg-info/SOURCES.txt
-- Installing: /home/misys/ros2_ws/src/point_display/install/rviz_plugin_tutorial_msgs/local/lib/python3.10/dist-packages/rviz_plugin_tutorial_msgs
-- Installing: /home/misys/ros2_ws/src/point_display/install/rviz_plugin_tutorial_msgs/local/lib/python3.10/dist-packages/rviz_plugin_tutorial_msgs/_rviz_plugin_tutorial_msgs_s.ep.rosidl_typesupport_introspection_c.c
-- Installing: /home/misys/ros2_ws/src/point_display/install/rviz_plugin_tutorial_msgs/local/lib/python3.10/dist-packages/rviz_plugin_tutorial_msgs/rviz_plugin_tutorial_msgs_s__rosidl_typesupport_c.cpython-310-x86_64-linux-gnu.so
-- Installing: /home/misys/ros2_ws/src/point_display/install/rviz_plugin_tutorial_msgs/local/lib/python3.10/dist-packages/rviz_plugin_tutorial_msgs/msg
-- Installing: /home/misys/ros2_ws/src/point_display/install/rviz_plugin_tutorial_msgs/local/lib/python3.10/dist-packages/rviz_plugin_tutorial_msgs/msg/_point2_d_s.c
-- Installing: /home/misys/ros2_ws/src/point_display/install/rviz_plugin_tutorial_msgs/local/lib/python3.10/dist-packages/rviz_plugin_tutorial_msgs/msg/_point2_d.py
-- Installing: /home/misys/ros2_ws/src/point_display/install/rviz_plugin_tutorial_msgs/local/lib/python3.10/dist-packages/rviz_plugin_tutorial_msgs/msg/__init__.py
-- Installing: /home/misys/ros2_ws/src/point_display/install/rviz_plugin_tutorial_msgs/local/lib/python3.10/dist-packages/rviz_plugin_tutorial_msgs/librviz_plugin_tutorial_msgs__rosidl_generator_py.so
-- Installing: /home/misys/ros2_ws/src/point_display/install/rviz_plugin_tutorial_msgs/local/lib/python3.10/dist-packages/rviz_plugin_tutorial_msgs/rviz_plugin_tutorial_msgs_s__rosidl_typesupport_introspection_c.cpython-310-x86_64-linux-gnu.so
-- Installing: /home/misys/ros2_ws/src/point_display/install/rviz_plugin_tutorial_msgs/local/lib/python3.10/dist-packages/rviz_plugin_tutorial_msgs/rviz_plugin_tutorial_msgs_s__rosidl_typesupport_fastrtps_c.cpython-310-x86_64-linux-gnu.so
-- Installing: /home/misys/ros2_ws/src/point_display/install/rviz_plugin_tutorial_msgs/local/lib/python3.10/dist-packages/rviz_plugin_tutorial_msgs/_rviz_plugin_tutorial_msgs_s.ep.rosidl_typesupport_c.c
-- Installing: /home/misys/ros2_ws/src/point_display/install/rviz_plugin_tutorial_msgs/local/lib/python3.10/dist-packages/rviz_plugin_tutorial_msgs/__init__.py
-- Installing: /home/misys/ros2_ws/src/point_display/install/rviz_plugin_tutorial_msgs/local/lib/python3.10/dist-packages/rviz_plugin_tutorial_msgs/_rviz_plugin_tutorial_msgs_s.ep.rosidl_typesupport_fastrtps_c.c
Listing '/home/misys/ros2_ws/src/point_display/install/rviz_plugin_tutorial_msgs/local/lib/python3.10/dist-packages/rviz_plugin_tutorial_msgs'...
Compiling '/home/misys/ros2_ws/src/point_display/install/rviz_plugin_tutorial_msgs/local/lib/python3.10/dist-packages/rviz_plugin_tutorial_msgs/__init__.py'...
Listing '/home/misys/ros2_ws/src/point_display/install/rviz_plugin_tutorial_msgs/local/lib/python3.10/dist-packages/rviz_plugin_tutorial_msgs/msg'...
Compiling '/home/misys/ros2_ws/src/point_display/install/rviz_plugin_tutorial_msgs/local/lib/python3.10/dist-packages/rviz_plugin_tutorial_msgs/msg/__init__.py'...
Compiling '/home/misys/ros2_ws/src/point_display/install/rviz_plugin_tutorial_msgs/local/lib/python3.10/dist-packages/rviz_plugin_tutorial_msgs/msg/_point2_d.py'...
-- Installing: /home/misys/ros2_ws/src/point_display/install/rviz_plugin_tutorial_msgs/local/lib/python3.10/dist-packages/rviz_plugin_tutorial_msgs/rviz_plugin_tutorial_msgs_s__rosidl_typesupport_fastrtps_c.cpython-310-x86_64-linux-gnu.so
-- Set runtime path of "/home/misys/ros2_ws/src/point_display/install/rviz_plugin_tutorial_msgs/local/lib/python3.10/dist-packages/rviz_plugin_tutorial_msgs/rviz_plugin_tutorial_msgs_s__rosidl_typesupport_fastrtps_c.cpython-310-x86_64-linux-gnu.so" to ""
-- Installing: /home/misys/ros2_ws/src/point_display/install/rviz_plugin_tutorial_msgs/local/lib/python3.10/dist-packages/rviz_plugin_tutorial_msgs/rviz_plugin_tutorial_msgs_s__rosidl_typesupport_introspection_c.cpython-310-x86_64-linux-gnu.so
-- Set runtime path of "/home/misys/ros2_ws/src/point_display/install/rviz_plugin_tutorial_msgs/local/lib/python3.10/dist-packages/rviz_plugin_tutorial_msgs/rviz_plugin_tutorial_msgs_s__rosidl_typesupport_introspection_c.cpython-310-x86_64-linux-gnu.so" to ""
-- Installing: /home/misys/ros2_ws/src/point_display/install/rviz_plugin_tutorial_msgs/local/lib/python3.10/dist-packages/rviz_plugin_tutorial_msgs/rviz_plugin_tutorial_msgs_s__rosidl_typesupport_c.cpython-310-x86_64-linux-gnu.so
-- Set runtime path of "/home/misys/ros2_ws/src/point_display/install/rviz_plugin_tutorial_msgs/local/lib/python3.10/dist-packages/rviz_plugin_tutorial_msgs/rviz_plugin_tutorial_msgs_s__rosidl_typesupport_c.cpython-310-x86_64-linux-gnu.so" to ""
-- Installing: /home/misys/ros2_ws/src/point_display/install/rviz_plugin_tutorial_msgs/lib/librviz_plugin_tutorial_msgs__rosidl_generator_py.so
-- Set runtime path of "/home/misys/ros2_ws/src/point_display/install/rviz_plugin_tutorial_msgs/lib/librviz_plugin_tutorial_msgs__rosidl_generator_py.so" to ""
-- Installing: /home/misys/ros2_ws/src/point_display/install/rviz_plugin_tutorial_msgs/share/ament_index/resource_index/rust_packages/rviz_plugin_tutorial_msgs
-- Installing: /home/misys/ros2_ws/src/point_display/install/rviz_plugin_tutorial_msgs/share/rviz_plugin_tutorial_msgs/rust
-- Installing: /home/misys/ros2_ws/src/point_display/install/rviz_plugin_tutorial_msgs/share/rviz_plugin_tutorial_msgs/rust/Cargo.toml
-- Installing: /home/misys/ros2_ws/src/point_display/install/rviz_plugin_tutorial_msgs/share/rviz_plugin_tutorial_msgs/rust/src
-- Installing: /home/misys/ros2_ws/src/point_display/install/rviz_plugin_tutorial_msgs/share/rviz_plugin_tutorial_msgs/rust/src/msg
-- Installing: /home/misys/ros2_ws/src/point_display/install/rviz_plugin_tutorial_msgs/share/rviz_plugin_tutorial_msgs/rust/src/msg/rmw.rs
-- Installing: /home/misys/ros2_ws/src/point_display/install/rviz_plugin_tutorial_msgs/share/rviz_plugin_tutorial_msgs/rust/src/msg.rs
-- Installing: /home/misys/ros2_ws/src/point_display/install/rviz_plugin_tutorial_msgs/share/rviz_plugin_tutorial_msgs/rust/src/lib.rs
-- Installing: /home/misys/ros2_ws/src/point_display/install/rviz_plugin_tutorial_msgs/share/rviz_plugin_tutorial_msgs/rust/build.rs
-- Installing: /home/misys/ros2_ws/src/point_display/install/rviz_plugin_tutorial_msgs/share/rviz_plugin_tutorial_msgs/msg/Point2D.idl
-- Installing: /home/misys/ros2_ws/src/point_display/install/rviz_plugin_tutorial_msgs/share/rviz_plugin_tutorial_msgs/msg/Point2D.msg
-- Installing: /home/misys/ros2_ws/src/point_display/install/rviz_plugin_tutorial_msgs/share/ament_index/resource_index/package_run_dependencies/rviz_plugin_tutorial_msgs
-- Installing: /home/misys/ros2_ws/src/point_display/install/rviz_plugin_tutorial_msgs/share/ament_index/resource_index/parent_prefix_path/rviz_plugin_tutorial_msgs
-- Installing: /home/misys/ros2_ws/src/point_display/install/rviz_plugin_tutorial_msgs/share/rviz_plugin_tutorial_msgs/environment/ament_prefix_path.sh
-- Installing: /home/misys/ros2_ws/src/point_display/install/rviz_plugin_tutorial_msgs/share/rviz_plugin_tutorial_msgs/environment/ament_prefix_path.dsv
-- Installing: /home/misys/ros2_ws/src/point_display/install/rviz_plugin_tutorial_msgs/share/rviz_plugin_tutorial_msgs/environment/path.sh
-- Installing: /home/misys/ros2_ws/src/point_display/install/rviz_plugin_tutorial_msgs/share/rviz_plugin_tutorial_msgs/environment/path.dsv
-- Installing: /home/misys/ros2_ws/src/point_display/install/rviz_plugin_tutorial_msgs/share/rviz_plugin_tutorial_msgs/local_setup.bash
-- Installing: /home/misys/ros2_ws/src/point_display/install/rviz_plugin_tutorial_msgs/share/rviz_plugin_tutorial_msgs/local_setup.sh
-- Installing: /home/misys/ros2_ws/src/point_display/install/rviz_plugin_tutorial_msgs/share/rviz_plugin_tutorial_msgs/local_setup.zsh
-- Installing: /home/misys/ros2_ws/src/point_display/install/rviz_plugin_tutorial_msgs/share/rviz_plugin_tutorial_msgs/local_setup.dsv
-- Installing: /home/misys/ros2_ws/src/point_display/install/rviz_plugin_tutorial_msgs/share/rviz_plugin_tutorial_msgs/package.dsv
-- Installing: /home/misys/ros2_ws/src/point_display/install/rviz_plugin_tutorial_msgs/share/ament_index/resource_index/packages/rviz_plugin_tutorial_msgs
-- Installing: /home/misys/ros2_ws/src/point_display/install/rviz_plugin_tutorial_msgs/share/rviz_plugin_tutorial_msgs/cmake/export_rviz_plugin_tutorial_msgs__rosidl_generator_cExport.cmake
-- Installing: /home/misys/ros2_ws/src/point_display/install/rviz_plugin_tutorial_msgs/share/rviz_plugin_tutorial_msgs/cmake/export_rviz_plugin_tutorial_msgs__rosidl_generator_cExport-noconfig.cmake
-- Installing: /home/misys/ros2_ws/src/point_display/install/rviz_plugin_tutorial_msgs/share/rviz_plugin_tutorial_msgs/cmake/export_rviz_plugin_tutorial_msgs__rosidl_typesupport_fastrtps_cExport.cmake
-- Installing: /home/misys/ros2_ws/src/point_display/install/rviz_plugin_tutorial_msgs/share/rviz_plugin_tutorial_msgs/cmake/export_rviz_plugin_tutorial_msgs__rosidl_typesupport_fastrtps_cExport-noconfig.cmake
-- Installing: /home/misys/ros2_ws/src/point_display/install/rviz_plugin_tutorial_msgs/share/rviz_plugin_tutorial_msgs/cmake/rviz_plugin_tutorial_msgs__rosidl_typesupport_introspection_cExport.cmake
-- Installing: /home/misys/ros2_ws/src/point_display/install/rviz_plugin_tutorial_msgs/share/rviz_plugin_tutorial_msgs/cmake/rviz_plugin_tutorial_msgs__rosidl_typesupport_introspection_cExport-noconfig.cmake
-- Installing: /home/misys/ros2_ws/src/point_display/install/rviz_plugin_tutorial_msgs/share/rviz_plugin_tutorial_msgs/cmake/rviz_plugin_tutorial_msgs__rosidl_typesupport_cExport.cmake
-- Installing: /home/misys/ros2_ws/src/point_display/install/rviz_plugin_tutorial_msgs/share/rviz_plugin_tutorial_msgs/cmake/rviz_plugin_tutorial_msgs__rosidl_typesupport_cExport-noconfig.cmake
-- Installing: /home/misys/ros2_ws/src/point_display/install/rviz_plugin_tutorial_msgs/share/rviz_plugin_tutorial_msgs/cmake/export_rviz_plugin_tutorial_msgs__rosidl_generator_cppExport.cmake
-- Installing: /home/misys/ros2_ws/src/point_display/install/rviz_plugin_tutorial_msgs/share/rviz_plugin_tutorial_msgs/cmake/export_rviz_plugin_tutorial_msgs__rosidl_typesupport_fastrtps_cppExport.cmake
-- Installing: /home/misys/ros2_ws/src/point_display/install/rviz_plugin_tutorial_msgs/share/rviz_plugin_tutorial_msgs/cmake/export_rviz_plugin_tutorial_msgs__rosidl_typesupport_fastrtps_cppExport-noconfig.cmake
-- Installing: /home/misys/ros2_ws/src/point_display/install/rviz_plugin_tutorial_msgs/share/rviz_plugin_tutorial_msgs/cmake/rviz_plugin_tutorial_msgs__rosidl_typesupport_introspection_cppExport.cmake
-- Installing: /home/misys/ros2_ws/src/point_display/install/rviz_plugin_tutorial_msgs/share/rviz_plugin_tutorial_msgs/cmake/rviz_plugin_tutorial_msgs__rosidl_typesupport_introspection_cppExport-noconfig.cmake
-- Installing: /home/misys/ros2_ws/src/point_display/install/rviz_plugin_tutorial_msgs/share/rviz_plugin_tutorial_msgs/cmake/rviz_plugin_tutorial_msgs__rosidl_typesupport_cppExport.cmake
-- Installing: /home/misys/ros2_ws/src/point_display/install/rviz_plugin_tutorial_msgs/share/rviz_plugin_tutorial_msgs/cmake/rviz_plugin_tutorial_msgs__rosidl_typesupport_cppExport-noconfig.cmake
-- Installing: /home/misys/ros2_ws/src/point_display/install/rviz_plugin_tutorial_msgs/share/rviz_plugin_tutorial_msgs/cmake/export_rviz_plugin_tutorial_msgs__rosidl_generator_pyExport.cmake
-- Installing: /home/misys/ros2_ws/src/point_display/install/rviz_plugin_tutorial_msgs/share/rviz_plugin_tutorial_msgs/cmake/export_rviz_plugin_tutorial_msgs__rosidl_generator_pyExport-noconfig.cmake
-- Installing: /home/misys/ros2_ws/src/point_display/install/rviz_plugin_tutorial_msgs/share/rviz_plugin_tutorial_msgs/cmake/rosidl_cmake-extras.cmake
-- Installing: /home/misys/ros2_ws/src/point_display/install/rviz_plugin_tutorial_msgs/share/rviz_plugin_tutorial_msgs/cmake/ament_cmake_export_dependencies-extras.cmake
-- Installing: /home/misys/ros2_ws/src/point_display/install/rviz_plugin_tutorial_msgs/share/rviz_plugin_tutorial_msgs/cmake/ament_cmake_export_include_directories-extras.cmake
-- Installing: /home/misys/ros2_ws/src/point_display/install/rviz_plugin_tutorial_msgs/share/rviz_plugin_tutorial_msgs/cmake/ament_cmake_export_libraries-extras.cmake
-- Installing: /home/misys/ros2_ws/src/point_display/install/rviz_plugin_tutorial_msgs/share/rviz_plugin_tutorial_msgs/cmake/ament_cmake_export_targets-extras.cmake
-- Installing: /home/misys/ros2_ws/src/point_display/install/rviz_plugin_tutorial_msgs/share/rviz_plugin_tutorial_msgs/cmake/rosidl_cmake_export_typesupport_targets-extras.cmake
-- Installing: /home/misys/ros2_ws/src/point_display/install/rviz_plugin_tutorial_msgs/share/rviz_plugin_tutorial_msgs/cmake/rosidl_cmake_export_typesupport_libraries-extras.cmake
-- Installing: /home/misys/ros2_ws/src/point_display/install/rviz_plugin_tutorial_msgs/share/rviz_plugin_tutorial_msgs/cmake/rviz_plugin_tutorial_msgsConfig.cmake
-- Installing: /home/misys/ros2_ws/src/point_display/install/rviz_plugin_tutorial_msgs/share/rviz_plugin_tutorial_msgs/cmake/rviz_plugin_tutorial_msgsConfig-version.cmake
-- Installing: /home/misys/ros2_ws/src/point_display/install/rviz_plugin_tutorial_msgs/share/rviz_plugin_tutorial_msgs/package.xml
