[0.008s] Invoking command in '/home/misys/ros2_ws/src/point_display/build/rviz_plugin_tutorial_msgs': CMAKE_PREFIX_PATH=${CMAKE_PREFIX_PATH}:/opt/ros/humble /usr/bin/cmake /home/misys/ros2_ws/src/point_display/rviz_plugin_tutorial/rviz_plugin_tutorial_msgs -DCMAKE_INSTALL_PREFIX=/home/misys/ros2_ws/src/point_display/install/rviz_plugin_tutorial_msgs
[0.065s] -- The C compiler identification is GNU 11.4.0
[0.123s] -- The CXX compiler identification is GNU 11.4.0
[0.129s] -- Detecting C compiler ABI info
[0.204s] -- Detecting C compiler ABI info - done
[0.213s] -- Check for working C compiler: /usr/bin/cc - skipped
[0.213s] -- Detecting C compile features
[0.214s] -- Detecting C compile features - done
[0.217s] -- Detecting CXX compiler ABI info
[0.305s] -- Detecting CXX compiler ABI info - done
[0.314s] -- Check for working CXX compiler: /usr/bin/c++ - skipped
[0.314s] -- Detecting CXX compile features
[0.315s] -- Detecting CXX compile features - done
[0.317s] -- Found ament_cmake: 1.3.14 (/opt/ros/humble/share/ament_cmake/cmake)
[0.440s] -- Found Python3: /usr/bin/python3 (found version "3.10.12") found components: Interpreter 
[0.520s] -- Found rosidl_default_generators: 1.2.1 (/opt/ros/humble/share/rosidl_default_generators/cmake)
[0.524s] -- Using all available rosidl_typesupport_c: rosidl_typesupport_fastrtps_c;rosidl_typesupport_introspection_c
[0.531s] -- Found rosidl_adapter: 3.1.5 (/opt/ros/humble/share/rosidl_adapter/cmake)
[0.562s] -- Using all available rosidl_typesupport_cpp: rosidl_typesupport_fastrtps_cpp;rosidl_typesupport_introspection_cpp
[0.588s] -- Found std_msgs: 4.2.4 (/opt/ros/humble/share/std_msgs/cmake)
[0.816s] -- Found ament_cmake_ros: 0.10.0 (/opt/ros/humble/share/ament_cmake_ros/cmake)
[0.991s] -- Using all available rosidl_typesupport_c: rosidl_typesupport_fastrtps_c;rosidl_typesupport_introspection_c
[1.241s] -- Using all available rosidl_typesupport_cpp: rosidl_typesupport_fastrtps_cpp;rosidl_typesupport_introspection_cpp
[1.267s] -- Found PythonInterp: /usr/bin/python3 (found suitable version "3.10.12", minimum required is "3.6") 
[1.268s] -- Found python_cmake_module: 0.10.0 (/opt/ros/humble/share/python_cmake_module/cmake)
[1.288s] -- Found PythonLibs: /usr/lib/x86_64-linux-gnu/libpython3.10.so (found suitable version "3.10.12", minimum required is "3.5") 
[1.288s] -- Using PYTHON_EXECUTABLE: /usr/bin/python3
[1.288s] -- Using PYTHON_INCLUDE_DIRS: /usr/include/python3.10
[1.288s] -- Using PYTHON_LIBRARIES: /usr/lib/x86_64-linux-gnu/libpython3.10.so
[1.308s] -- Found PythonExtra: .so  
[1.424s] -- Found ament_lint_auto: 0.12.11 (/opt/ros/humble/share/ament_lint_auto/cmake)
[1.453s] -- Added test 'copyright' to check source files copyright and LICENSE
[1.454s] -- Added test 'lint_cmake' to check CMake code style
[1.455s] -- Added test 'xmllint' to check XML markup files
[1.457s] -- Configuring done
[1.475s] -- Generating done
[1.476s] -- Build files have been written to: /home/misys/ros2_ws/src/point_display/build/rviz_plugin_tutorial_msgs
[1.480s] Invoked command in '/home/misys/ros2_ws/src/point_display/build/rviz_plugin_tutorial_msgs' returned '0': CMAKE_PREFIX_PATH=${CMAKE_PREFIX_PATH}:/opt/ros/humble /usr/bin/cmake /home/misys/ros2_ws/src/point_display/rviz_plugin_tutorial/rviz_plugin_tutorial_msgs -DCMAKE_INSTALL_PREFIX=/home/misys/ros2_ws/src/point_display/install/rviz_plugin_tutorial_msgs
[1.481s] Invoking command in '/home/misys/ros2_ws/src/point_display/build/rviz_plugin_tutorial_msgs': CMAKE_PREFIX_PATH=${CMAKE_PREFIX_PATH}:/opt/ros/humble /usr/bin/cmake --build /home/misys/ros2_ws/src/point_display/build/rviz_plugin_tutorial_msgs -- -j32 -l32
[1.523s] [  3%] [34m[1mGenerating C code for ROS interfaces[0m
[1.533s] [  6%] [34m[1mGenerating C++ code for ROS interfaces[0m
[1.534s] [  9%] [34m[1mGenerating Rust code for ROS interfaces[0m
[1.543s] [  9%] Built target ament_cmake_python_copy_rviz_plugin_tutorial_msgs
[1.687s] [  9%] Built target rviz_plugin_tutorial_msgs__rs
[1.690s] [  9%] Built target rviz_plugin_tutorial_msgs__cpp
[1.696s] [ 12%] [32mBuilding C object CMakeFiles/rviz_plugin_tutorial_msgs__rosidl_generator_c.dir/rosidl_generator_c/rviz_plugin_tutorial_msgs/msg/detail/point2_d__functions.c.o[0m
[1.698s] [ 15%] [34m[1mGenerating C++ type support for eProsima Fast-RTPS[0m
[1.699s] [ 18%] [34m[1mGenerating C++ introspection for ROS interfaces[0m
[1.699s] [ 21%] [34m[1mGenerating C++ type support dispatch for ROS interfaces[0m
[1.712s] running egg_info
[1.712s] creating rviz_plugin_tutorial_msgs.egg-info
[1.712s] writing rviz_plugin_tutorial_msgs.egg-info/PKG-INFO
[1.713s] writing dependency_links to rviz_plugin_tutorial_msgs.egg-info/dependency_links.txt
[1.713s] writing top-level names to rviz_plugin_tutorial_msgs.egg-info/top_level.txt
[1.713s] writing manifest file 'rviz_plugin_tutorial_msgs.egg-info/SOURCES.txt'
[1.714s] reading manifest file 'rviz_plugin_tutorial_msgs.egg-info/SOURCES.txt'
[1.715s] writing manifest file 'rviz_plugin_tutorial_msgs.egg-info/SOURCES.txt'
[1.734s] [ 21%] Built target ament_cmake_python_build_rviz_plugin_tutorial_msgs_egg
[1.736s] [ 25%] [32m[1mLinking C shared library librviz_plugin_tutorial_msgs__rosidl_generator_c.so[0m
[1.771s] [ 25%] Built target rviz_plugin_tutorial_msgs__rosidl_generator_c
[1.780s] [ 28%] [34m[1mGenerating C type support for eProsima Fast-RTPS[0m
[1.780s] [ 31%] [34m[1mGenerating C introspection for ROS interfaces[0m
[1.781s] [ 34%] [34m[1mGenerating C type support dispatch for ROS interfaces[0m
[1.847s] [ 37%] [32mBuilding CXX object CMakeFiles/rviz_plugin_tutorial_msgs__rosidl_typesupport_cpp.dir/rosidl_typesupport_cpp/rviz_plugin_tutorial_msgs/msg/point2_d__type_support.cpp.o[0m
[1.857s] [ 40%] [32mBuilding CXX object CMakeFiles/rviz_plugin_tutorial_msgs__rosidl_typesupport_introspection_cpp.dir/rosidl_typesupport_introspection_cpp/rviz_plugin_tutorial_msgs/msg/detail/point2_d__type_support.cpp.o[0m
[1.857s] [ 43%] [32mBuilding CXX object CMakeFiles/rviz_plugin_tutorial_msgs__rosidl_typesupport_fastrtps_cpp.dir/rosidl_typesupport_fastrtps_cpp/rviz_plugin_tutorial_msgs/msg/detail/dds_fastrtps/point2_d__type_support.cpp.o[0m
[1.929s] [ 46%] [32mBuilding CXX object CMakeFiles/rviz_plugin_tutorial_msgs__rosidl_typesupport_c.dir/rosidl_typesupport_c/rviz_plugin_tutorial_msgs/msg/point2_d__type_support.cpp.o[0m
[1.943s] [ 50%] [32mBuilding C object CMakeFiles/rviz_plugin_tutorial_msgs__rosidl_typesupport_introspection_c.dir/rosidl_typesupport_introspection_c/rviz_plugin_tutorial_msgs/msg/detail/point2_d__type_support.c.o[0m
[1.944s] [ 53%] [32mBuilding CXX object CMakeFiles/rviz_plugin_tutorial_msgs__rosidl_typesupport_fastrtps_c.dir/rosidl_typesupport_fastrtps_c/rviz_plugin_tutorial_msgs/msg/detail/point2_d__type_support_c.cpp.o[0m
[1.952s] [ 56%] [32m[1mLinking CXX shared library librviz_plugin_tutorial_msgs__rosidl_typesupport_c.so[0m
[1.971s] [ 59%] [32m[1mLinking C shared library librviz_plugin_tutorial_msgs__rosidl_typesupport_introspection_c.so[0m
[1.988s] [ 59%] Built target rviz_plugin_tutorial_msgs__rosidl_typesupport_c
[1.995s] [ 62%] [32m[1mLinking CXX shared library librviz_plugin_tutorial_msgs__rosidl_typesupport_cpp.so[0m
[2.000s] [ 62%] Built target rviz_plugin_tutorial_msgs__rosidl_typesupport_introspection_c
[2.028s] [ 62%] Built target rviz_plugin_tutorial_msgs__rosidl_typesupport_cpp
[2.073s] [ 65%] [32m[1mLinking CXX shared library librviz_plugin_tutorial_msgs__rosidl_typesupport_introspection_cpp.so[0m
[2.075s] [ 68%] [32m[1mLinking CXX shared library librviz_plugin_tutorial_msgs__rosidl_typesupport_fastrtps_cpp.so[0m
[2.117s] [ 68%] Built target rviz_plugin_tutorial_msgs__rosidl_typesupport_introspection_cpp
[2.128s] [ 68%] Built target rviz_plugin_tutorial_msgs__rosidl_typesupport_fastrtps_cpp
[2.129s] [ 71%] [32m[1mLinking CXX shared library librviz_plugin_tutorial_msgs__rosidl_typesupport_fastrtps_c.so[0m
[2.184s] [ 71%] Built target rviz_plugin_tutorial_msgs__rosidl_typesupport_fastrtps_c
[2.208s] [ 71%] Built target rviz_plugin_tutorial_msgs
[2.232s] [ 75%] [34m[1mGenerating Python code for ROS interfaces[0m
[2.422s] [ 75%] Built target rviz_plugin_tutorial_msgs__py
[2.448s] [ 78%] [32mBuilding C object CMakeFiles/rviz_plugin_tutorial_msgs__rosidl_generator_py.dir/rosidl_generator_py/rviz_plugin_tutorial_msgs/msg/_point2_d_s.c.o[0m
[2.535s] [ 81%] [32m[1mLinking C shared library rosidl_generator_py/rviz_plugin_tutorial_msgs/librviz_plugin_tutorial_msgs__rosidl_generator_py.so[0m
[2.580s] [ 81%] Built target rviz_plugin_tutorial_msgs__rosidl_generator_py
[2.600s] [ 84%] [32mBuilding C object CMakeFiles/rviz_plugin_tutorial_msgs__rosidl_typesupport_c__pyext.dir/rosidl_generator_py/rviz_plugin_tutorial_msgs/_rviz_plugin_tutorial_msgs_s.ep.rosidl_typesupport_c.c.o[0m
[2.601s] [ 87%] [32mBuilding C object CMakeFiles/rviz_plugin_tutorial_msgs__rosidl_typesupport_introspection_c__pyext.dir/rosidl_generator_py/rviz_plugin_tutorial_msgs/_rviz_plugin_tutorial_msgs_s.ep.rosidl_typesupport_introspection_c.c.o[0m
[2.602s] [ 90%] [32mBuilding C object CMakeFiles/rviz_plugin_tutorial_msgs__rosidl_typesupport_fastrtps_c__pyext.dir/rosidl_generator_py/rviz_plugin_tutorial_msgs/_rviz_plugin_tutorial_msgs_s.ep.rosidl_typesupport_fastrtps_c.c.o[0m
[2.664s] [ 93%] [32m[1mLinking C shared library rosidl_generator_py/rviz_plugin_tutorial_msgs/rviz_plugin_tutorial_msgs_s__rosidl_typesupport_c.cpython-310-x86_64-linux-gnu.so[0m
[2.666s] [ 96%] [32m[1mLinking C shared library rosidl_generator_py/rviz_plugin_tutorial_msgs/rviz_plugin_tutorial_msgs_s__rosidl_typesupport_introspection_c.cpython-310-x86_64-linux-gnu.so[0m
[2.669s] [100%] [32m[1mLinking C shared library rosidl_generator_py/rviz_plugin_tutorial_msgs/rviz_plugin_tutorial_msgs_s__rosidl_typesupport_fastrtps_c.cpython-310-x86_64-linux-gnu.so[0m
[2.699s] [100%] Built target rviz_plugin_tutorial_msgs__rosidl_typesupport_fastrtps_c__pyext
[2.699s] [100%] Built target rviz_plugin_tutorial_msgs__rosidl_typesupport_c__pyext
[2.700s] [100%] Built target rviz_plugin_tutorial_msgs__rosidl_typesupport_introspection_c__pyext
[2.708s] Invoked command in '/home/misys/ros2_ws/src/point_display/build/rviz_plugin_tutorial_msgs' returned '0': CMAKE_PREFIX_PATH=${CMAKE_PREFIX_PATH}:/opt/ros/humble /usr/bin/cmake --build /home/misys/ros2_ws/src/point_display/build/rviz_plugin_tutorial_msgs -- -j32 -l32
[2.808s] Invoking command in '/home/misys/ros2_ws/src/point_display/build/rviz_plugin_tutorial_msgs': CMAKE_PREFIX_PATH=${CMAKE_PREFIX_PATH}:/opt/ros/humble /usr/bin/cmake --install /home/misys/ros2_ws/src/point_display/build/rviz_plugin_tutorial_msgs
[2.816s] -- Install configuration: ""
[2.817s] -- Installing: /home/misys/ros2_ws/src/point_display/install/rviz_plugin_tutorial_msgs/share/ament_index/resource_index/rosidl_interfaces/rviz_plugin_tutorial_msgs
[2.817s] -- Installing: /home/misys/ros2_ws/src/point_display/install/rviz_plugin_tutorial_msgs/include/rviz_plugin_tutorial_msgs/rviz_plugin_tutorial_msgs
[2.817s] -- Installing: /home/misys/ros2_ws/src/point_display/install/rviz_plugin_tutorial_msgs/include/rviz_plugin_tutorial_msgs/rviz_plugin_tutorial_msgs/msg
[2.817s] -- Installing: /home/misys/ros2_ws/src/point_display/install/rviz_plugin_tutorial_msgs/include/rviz_plugin_tutorial_msgs/rviz_plugin_tutorial_msgs/msg/rosidl_generator_c__visibility_control.h
[2.817s] -- Installing: /home/misys/ros2_ws/src/point_display/install/rviz_plugin_tutorial_msgs/include/rviz_plugin_tutorial_msgs/rviz_plugin_tutorial_msgs/msg/detail
[2.817s] -- Installing: /home/misys/ros2_ws/src/point_display/install/rviz_plugin_tutorial_msgs/include/rviz_plugin_tutorial_msgs/rviz_plugin_tutorial_msgs/msg/detail/point2_d__type_support.h
[2.817s] -- Installing: /home/misys/ros2_ws/src/point_display/install/rviz_plugin_tutorial_msgs/include/rviz_plugin_tutorial_msgs/rviz_plugin_tutorial_msgs/msg/detail/point2_d__functions.h
[2.817s] -- Installing: /home/misys/ros2_ws/src/point_display/install/rviz_plugin_tutorial_msgs/include/rviz_plugin_tutorial_msgs/rviz_plugin_tutorial_msgs/msg/detail/point2_d__functions.c
[2.817s] -- Installing: /home/misys/ros2_ws/src/point_display/install/rviz_plugin_tutorial_msgs/include/rviz_plugin_tutorial_msgs/rviz_plugin_tutorial_msgs/msg/detail/point2_d__struct.h
[2.817s] -- Installing: /home/misys/ros2_ws/src/point_display/install/rviz_plugin_tutorial_msgs/include/rviz_plugin_tutorial_msgs/rviz_plugin_tutorial_msgs/msg/point2_d.h
[2.817s] -- Installing: /home/misys/ros2_ws/src/point_display/install/rviz_plugin_tutorial_msgs/share/rviz_plugin_tutorial_msgs/environment/library_path.sh
[2.817s] -- Installing: /home/misys/ros2_ws/src/point_display/install/rviz_plugin_tutorial_msgs/share/rviz_plugin_tutorial_msgs/environment/library_path.dsv
[2.818s] -- Installing: /home/misys/ros2_ws/src/point_display/install/rviz_plugin_tutorial_msgs/lib/librviz_plugin_tutorial_msgs__rosidl_generator_c.so
[2.818s] -- Set runtime path of "/home/misys/ros2_ws/src/point_display/install/rviz_plugin_tutorial_msgs/lib/librviz_plugin_tutorial_msgs__rosidl_generator_c.so" to ""
[2.818s] -- Up-to-date: /home/misys/ros2_ws/src/point_display/install/rviz_plugin_tutorial_msgs/include/rviz_plugin_tutorial_msgs/rviz_plugin_tutorial_msgs
[2.818s] -- Up-to-date: /home/misys/ros2_ws/src/point_display/install/rviz_plugin_tutorial_msgs/include/rviz_plugin_tutorial_msgs/rviz_plugin_tutorial_msgs/msg
[2.818s] -- Installing: /home/misys/ros2_ws/src/point_display/install/rviz_plugin_tutorial_msgs/include/rviz_plugin_tutorial_msgs/rviz_plugin_tutorial_msgs/msg/rosidl_typesupport_fastrtps_c__visibility_control.h
[2.818s] -- Up-to-date: /home/misys/ros2_ws/src/point_display/install/rviz_plugin_tutorial_msgs/include/rviz_plugin_tutorial_msgs/rviz_plugin_tutorial_msgs/msg/detail
[2.818s] -- Installing: /home/misys/ros2_ws/src/point_display/install/rviz_plugin_tutorial_msgs/include/rviz_plugin_tutorial_msgs/rviz_plugin_tutorial_msgs/msg/detail/point2_d__rosidl_typesupport_fastrtps_c.h
[2.818s] -- Installing: /home/misys/ros2_ws/src/point_display/install/rviz_plugin_tutorial_msgs/lib/librviz_plugin_tutorial_msgs__rosidl_typesupport_fastrtps_c.so
[2.818s] -- Set runtime path of "/home/misys/ros2_ws/src/point_display/install/rviz_plugin_tutorial_msgs/lib/librviz_plugin_tutorial_msgs__rosidl_typesupport_fastrtps_c.so" to ""
[2.818s] -- Up-to-date: /home/misys/ros2_ws/src/point_display/install/rviz_plugin_tutorial_msgs/include/rviz_plugin_tutorial_msgs/rviz_plugin_tutorial_msgs
[2.818s] -- Up-to-date: /home/misys/ros2_ws/src/point_display/install/rviz_plugin_tutorial_msgs/include/rviz_plugin_tutorial_msgs/rviz_plugin_tutorial_msgs/msg
[2.818s] -- Installing: /home/misys/ros2_ws/src/point_display/install/rviz_plugin_tutorial_msgs/include/rviz_plugin_tutorial_msgs/rviz_plugin_tutorial_msgs/msg/rosidl_typesupport_introspection_c__visibility_control.h
[2.818s] -- Up-to-date: /home/misys/ros2_ws/src/point_display/install/rviz_plugin_tutorial_msgs/include/rviz_plugin_tutorial_msgs/rviz_plugin_tutorial_msgs/msg/detail
[2.818s] -- Installing: /home/misys/ros2_ws/src/point_display/install/rviz_plugin_tutorial_msgs/include/rviz_plugin_tutorial_msgs/rviz_plugin_tutorial_msgs/msg/detail/point2_d__rosidl_typesupport_introspection_c.h
[2.818s] -- Installing: /home/misys/ros2_ws/src/point_display/install/rviz_plugin_tutorial_msgs/include/rviz_plugin_tutorial_msgs/rviz_plugin_tutorial_msgs/msg/detail/point2_d__type_support.c
[2.818s] -- Installing: /home/misys/ros2_ws/src/point_display/install/rviz_plugin_tutorial_msgs/lib/librviz_plugin_tutorial_msgs__rosidl_typesupport_introspection_c.so
[2.818s] -- Set runtime path of "/home/misys/ros2_ws/src/point_display/install/rviz_plugin_tutorial_msgs/lib/librviz_plugin_tutorial_msgs__rosidl_typesupport_introspection_c.so" to ""
[2.818s] -- Installing: /home/misys/ros2_ws/src/point_display/install/rviz_plugin_tutorial_msgs/lib/librviz_plugin_tutorial_msgs__rosidl_typesupport_c.so
[2.818s] -- Set runtime path of "/home/misys/ros2_ws/src/point_display/install/rviz_plugin_tutorial_msgs/lib/librviz_plugin_tutorial_msgs__rosidl_typesupport_c.so" to ""
[2.818s] -- Up-to-date: /home/misys/ros2_ws/src/point_display/install/rviz_plugin_tutorial_msgs/include/rviz_plugin_tutorial_msgs/rviz_plugin_tutorial_msgs
[2.818s] -- Up-to-date: /home/misys/ros2_ws/src/point_display/install/rviz_plugin_tutorial_msgs/include/rviz_plugin_tutorial_msgs/rviz_plugin_tutorial_msgs/msg
[2.818s] -- Up-to-date: /home/misys/ros2_ws/src/point_display/install/rviz_plugin_tutorial_msgs/include/rviz_plugin_tutorial_msgs/rviz_plugin_tutorial_msgs/msg/detail
[2.819s] -- Installing: /home/misys/ros2_ws/src/point_display/install/rviz_plugin_tutorial_msgs/include/rviz_plugin_tutorial_msgs/rviz_plugin_tutorial_msgs/msg/detail/point2_d__builder.hpp
[2.819s] -- Installing: /home/misys/ros2_ws/src/point_display/install/rviz_plugin_tutorial_msgs/include/rviz_plugin_tutorial_msgs/rviz_plugin_tutorial_msgs/msg/detail/point2_d__traits.hpp
[2.819s] -- Installing: /home/misys/ros2_ws/src/point_display/install/rviz_plugin_tutorial_msgs/include/rviz_plugin_tutorial_msgs/rviz_plugin_tutorial_msgs/msg/detail/point2_d__struct.hpp
[2.819s] -- Installing: /home/misys/ros2_ws/src/point_display/install/rviz_plugin_tutorial_msgs/include/rviz_plugin_tutorial_msgs/rviz_plugin_tutorial_msgs/msg/point2_d.hpp
[2.819s] -- Up-to-date: /home/misys/ros2_ws/src/point_display/install/rviz_plugin_tutorial_msgs/include/rviz_plugin_tutorial_msgs/rviz_plugin_tutorial_msgs
[2.819s] -- Up-to-date: /home/misys/ros2_ws/src/point_display/install/rviz_plugin_tutorial_msgs/include/rviz_plugin_tutorial_msgs/rviz_plugin_tutorial_msgs/msg
[2.819s] -- Installing: /home/misys/ros2_ws/src/point_display/install/rviz_plugin_tutorial_msgs/include/rviz_plugin_tutorial_msgs/rviz_plugin_tutorial_msgs/msg/rosidl_typesupport_fastrtps_cpp__visibility_control.h
[2.819s] -- Up-to-date: /home/misys/ros2_ws/src/point_display/install/rviz_plugin_tutorial_msgs/include/rviz_plugin_tutorial_msgs/rviz_plugin_tutorial_msgs/msg/detail
[2.819s] -- Installing: /home/misys/ros2_ws/src/point_display/install/rviz_plugin_tutorial_msgs/include/rviz_plugin_tutorial_msgs/rviz_plugin_tutorial_msgs/msg/detail/point2_d__rosidl_typesupport_fastrtps_cpp.hpp
[2.819s] -- Installing: /home/misys/ros2_ws/src/point_display/install/rviz_plugin_tutorial_msgs/include/rviz_plugin_tutorial_msgs/rviz_plugin_tutorial_msgs/msg/detail/dds_fastrtps
[2.819s] -- Installing: /home/misys/ros2_ws/src/point_display/install/rviz_plugin_tutorial_msgs/lib/librviz_plugin_tutorial_msgs__rosidl_typesupport_fastrtps_cpp.so
[2.819s] -- Set runtime path of "/home/misys/ros2_ws/src/point_display/install/rviz_plugin_tutorial_msgs/lib/librviz_plugin_tutorial_msgs__rosidl_typesupport_fastrtps_cpp.so" to ""
[2.819s] -- Up-to-date: /home/misys/ros2_ws/src/point_display/install/rviz_plugin_tutorial_msgs/include/rviz_plugin_tutorial_msgs/rviz_plugin_tutorial_msgs
[2.819s] -- Up-to-date: /home/misys/ros2_ws/src/point_display/install/rviz_plugin_tutorial_msgs/include/rviz_plugin_tutorial_msgs/rviz_plugin_tutorial_msgs/msg
[2.819s] -- Up-to-date: /home/misys/ros2_ws/src/point_display/install/rviz_plugin_tutorial_msgs/include/rviz_plugin_tutorial_msgs/rviz_plugin_tutorial_msgs/msg/detail
[2.819s] -- Installing: /home/misys/ros2_ws/src/point_display/install/rviz_plugin_tutorial_msgs/include/rviz_plugin_tutorial_msgs/rviz_plugin_tutorial_msgs/msg/detail/point2_d__rosidl_typesupport_introspection_cpp.hpp
[2.819s] -- Installing: /home/misys/ros2_ws/src/point_display/install/rviz_plugin_tutorial_msgs/include/rviz_plugin_tutorial_msgs/rviz_plugin_tutorial_msgs/msg/detail/point2_d__type_support.cpp
[2.819s] -- Installing: /home/misys/ros2_ws/src/point_display/install/rviz_plugin_tutorial_msgs/lib/librviz_plugin_tutorial_msgs__rosidl_typesupport_introspection_cpp.so
[2.819s] -- Set runtime path of "/home/misys/ros2_ws/src/point_display/install/rviz_plugin_tutorial_msgs/lib/librviz_plugin_tutorial_msgs__rosidl_typesupport_introspection_cpp.so" to ""
[2.819s] -- Installing: /home/misys/ros2_ws/src/point_display/install/rviz_plugin_tutorial_msgs/lib/librviz_plugin_tutorial_msgs__rosidl_typesupport_cpp.so
[2.820s] -- Set runtime path of "/home/misys/ros2_ws/src/point_display/install/rviz_plugin_tutorial_msgs/lib/librviz_plugin_tutorial_msgs__rosidl_typesupport_cpp.so" to ""
[2.820s] -- Installing: /home/misys/ros2_ws/src/point_display/install/rviz_plugin_tutorial_msgs/share/rviz_plugin_tutorial_msgs/environment/pythonpath.sh
[2.820s] -- Installing: /home/misys/ros2_ws/src/point_display/install/rviz_plugin_tutorial_msgs/share/rviz_plugin_tutorial_msgs/environment/pythonpath.dsv
[2.820s] -- Installing: /home/misys/ros2_ws/src/point_display/install/rviz_plugin_tutorial_msgs/local/lib/python3.10/dist-packages/rviz_plugin_tutorial_msgs-0.0.0-py3.10.egg-info
[2.820s] -- Installing: /home/misys/ros2_ws/src/point_display/install/rviz_plugin_tutorial_msgs/local/lib/python3.10/dist-packages/rviz_plugin_tutorial_msgs-0.0.0-py3.10.egg-info/dependency_links.txt
[2.820s] -- Installing: /home/misys/ros2_ws/src/point_display/install/rviz_plugin_tutorial_msgs/local/lib/python3.10/dist-packages/rviz_plugin_tutorial_msgs-0.0.0-py3.10.egg-info/top_level.txt
[2.820s] -- Installing: /home/misys/ros2_ws/src/point_display/install/rviz_plugin_tutorial_msgs/local/lib/python3.10/dist-packages/rviz_plugin_tutorial_msgs-0.0.0-py3.10.egg-info/PKG-INFO
[2.820s] -- Installing: /home/misys/ros2_ws/src/point_display/install/rviz_plugin_tutorial_msgs/local/lib/python3.10/dist-packages/rviz_plugin_tutorial_msgs-0.0.0-py3.10.egg-info/SOURCES.txt
[2.820s] -- Installing: /home/misys/ros2_ws/src/point_display/install/rviz_plugin_tutorial_msgs/local/lib/python3.10/dist-packages/rviz_plugin_tutorial_msgs
[2.820s] -- Installing: /home/misys/ros2_ws/src/point_display/install/rviz_plugin_tutorial_msgs/local/lib/python3.10/dist-packages/rviz_plugin_tutorial_msgs/_rviz_plugin_tutorial_msgs_s.ep.rosidl_typesupport_introspection_c.c
[2.820s] -- Installing: /home/misys/ros2_ws/src/point_display/install/rviz_plugin_tutorial_msgs/local/lib/python3.10/dist-packages/rviz_plugin_tutorial_msgs/rviz_plugin_tutorial_msgs_s__rosidl_typesupport_c.cpython-310-x86_64-linux-gnu.so
[2.820s] -- Installing: /home/misys/ros2_ws/src/point_display/install/rviz_plugin_tutorial_msgs/local/lib/python3.10/dist-packages/rviz_plugin_tutorial_msgs/msg
[2.820s] -- Installing: /home/misys/ros2_ws/src/point_display/install/rviz_plugin_tutorial_msgs/local/lib/python3.10/dist-packages/rviz_plugin_tutorial_msgs/msg/_point2_d_s.c
[2.820s] -- Installing: /home/misys/ros2_ws/src/point_display/install/rviz_plugin_tutorial_msgs/local/lib/python3.10/dist-packages/rviz_plugin_tutorial_msgs/msg/_point2_d.py
[2.820s] -- Installing: /home/misys/ros2_ws/src/point_display/install/rviz_plugin_tutorial_msgs/local/lib/python3.10/dist-packages/rviz_plugin_tutorial_msgs/msg/__init__.py
[2.821s] -- Installing: /home/misys/ros2_ws/src/point_display/install/rviz_plugin_tutorial_msgs/local/lib/python3.10/dist-packages/rviz_plugin_tutorial_msgs/librviz_plugin_tutorial_msgs__rosidl_generator_py.so
[2.821s] -- Installing: /home/misys/ros2_ws/src/point_display/install/rviz_plugin_tutorial_msgs/local/lib/python3.10/dist-packages/rviz_plugin_tutorial_msgs/rviz_plugin_tutorial_msgs_s__rosidl_typesupport_introspection_c.cpython-310-x86_64-linux-gnu.so
[2.821s] -- Installing: /home/misys/ros2_ws/src/point_display/install/rviz_plugin_tutorial_msgs/local/lib/python3.10/dist-packages/rviz_plugin_tutorial_msgs/rviz_plugin_tutorial_msgs_s__rosidl_typesupport_fastrtps_c.cpython-310-x86_64-linux-gnu.so
[2.821s] -- Installing: /home/misys/ros2_ws/src/point_display/install/rviz_plugin_tutorial_msgs/local/lib/python3.10/dist-packages/rviz_plugin_tutorial_msgs/_rviz_plugin_tutorial_msgs_s.ep.rosidl_typesupport_c.c
[2.821s] -- Installing: /home/misys/ros2_ws/src/point_display/install/rviz_plugin_tutorial_msgs/local/lib/python3.10/dist-packages/rviz_plugin_tutorial_msgs/__init__.py
[2.821s] -- Installing: /home/misys/ros2_ws/src/point_display/install/rviz_plugin_tutorial_msgs/local/lib/python3.10/dist-packages/rviz_plugin_tutorial_msgs/_rviz_plugin_tutorial_msgs_s.ep.rosidl_typesupport_fastrtps_c.c
[2.868s] Listing '/home/misys/ros2_ws/src/point_display/install/rviz_plugin_tutorial_msgs/local/lib/python3.10/dist-packages/rviz_plugin_tutorial_msgs'...
[2.868s] Compiling '/home/misys/ros2_ws/src/point_display/install/rviz_plugin_tutorial_msgs/local/lib/python3.10/dist-packages/rviz_plugin_tutorial_msgs/__init__.py'...
[2.868s] Listing '/home/misys/ros2_ws/src/point_display/install/rviz_plugin_tutorial_msgs/local/lib/python3.10/dist-packages/rviz_plugin_tutorial_msgs/msg'...
[2.868s] Compiling '/home/misys/ros2_ws/src/point_display/install/rviz_plugin_tutorial_msgs/local/lib/python3.10/dist-packages/rviz_plugin_tutorial_msgs/msg/__init__.py'...
[2.868s] Compiling '/home/misys/ros2_ws/src/point_display/install/rviz_plugin_tutorial_msgs/local/lib/python3.10/dist-packages/rviz_plugin_tutorial_msgs/msg/_point2_d.py'...
[2.871s] -- Installing: /home/misys/ros2_ws/src/point_display/install/rviz_plugin_tutorial_msgs/local/lib/python3.10/dist-packages/rviz_plugin_tutorial_msgs/rviz_plugin_tutorial_msgs_s__rosidl_typesupport_fastrtps_c.cpython-310-x86_64-linux-gnu.so
[2.871s] -- Set runtime path of "/home/misys/ros2_ws/src/point_display/install/rviz_plugin_tutorial_msgs/local/lib/python3.10/dist-packages/rviz_plugin_tutorial_msgs/rviz_plugin_tutorial_msgs_s__rosidl_typesupport_fastrtps_c.cpython-310-x86_64-linux-gnu.so" to ""
[2.872s] -- Installing: /home/misys/ros2_ws/src/point_display/install/rviz_plugin_tutorial_msgs/local/lib/python3.10/dist-packages/rviz_plugin_tutorial_msgs/rviz_plugin_tutorial_msgs_s__rosidl_typesupport_introspection_c.cpython-310-x86_64-linux-gnu.so
[2.872s] -- Set runtime path of "/home/misys/ros2_ws/src/point_display/install/rviz_plugin_tutorial_msgs/local/lib/python3.10/dist-packages/rviz_plugin_tutorial_msgs/rviz_plugin_tutorial_msgs_s__rosidl_typesupport_introspection_c.cpython-310-x86_64-linux-gnu.so" to ""
[2.872s] -- Installing: /home/misys/ros2_ws/src/point_display/install/rviz_plugin_tutorial_msgs/local/lib/python3.10/dist-packages/rviz_plugin_tutorial_msgs/rviz_plugin_tutorial_msgs_s__rosidl_typesupport_c.cpython-310-x86_64-linux-gnu.so
[2.872s] -- Set runtime path of "/home/misys/ros2_ws/src/point_display/install/rviz_plugin_tutorial_msgs/local/lib/python3.10/dist-packages/rviz_plugin_tutorial_msgs/rviz_plugin_tutorial_msgs_s__rosidl_typesupport_c.cpython-310-x86_64-linux-gnu.so" to ""
[2.872s] -- Installing: /home/misys/ros2_ws/src/point_display/install/rviz_plugin_tutorial_msgs/lib/librviz_plugin_tutorial_msgs__rosidl_generator_py.so
[2.872s] -- Set runtime path of "/home/misys/ros2_ws/src/point_display/install/rviz_plugin_tutorial_msgs/lib/librviz_plugin_tutorial_msgs__rosidl_generator_py.so" to ""
[2.872s] -- Installing: /home/misys/ros2_ws/src/point_display/install/rviz_plugin_tutorial_msgs/share/ament_index/resource_index/rust_packages/rviz_plugin_tutorial_msgs
[2.872s] -- Installing: /home/misys/ros2_ws/src/point_display/install/rviz_plugin_tutorial_msgs/share/rviz_plugin_tutorial_msgs/rust
[2.872s] -- Installing: /home/misys/ros2_ws/src/point_display/install/rviz_plugin_tutorial_msgs/share/rviz_plugin_tutorial_msgs/rust/Cargo.toml
[2.872s] -- Installing: /home/misys/ros2_ws/src/point_display/install/rviz_plugin_tutorial_msgs/share/rviz_plugin_tutorial_msgs/rust/src
[2.872s] -- Installing: /home/misys/ros2_ws/src/point_display/install/rviz_plugin_tutorial_msgs/share/rviz_plugin_tutorial_msgs/rust/src/msg
[2.872s] -- Installing: /home/misys/ros2_ws/src/point_display/install/rviz_plugin_tutorial_msgs/share/rviz_plugin_tutorial_msgs/rust/src/msg/rmw.rs
[2.872s] -- Installing: /home/misys/ros2_ws/src/point_display/install/rviz_plugin_tutorial_msgs/share/rviz_plugin_tutorial_msgs/rust/src/msg.rs
[2.872s] -- Installing: /home/misys/ros2_ws/src/point_display/install/rviz_plugin_tutorial_msgs/share/rviz_plugin_tutorial_msgs/rust/src/lib.rs
[2.872s] -- Installing: /home/misys/ros2_ws/src/point_display/install/rviz_plugin_tutorial_msgs/share/rviz_plugin_tutorial_msgs/rust/build.rs
[2.872s] -- Installing: /home/misys/ros2_ws/src/point_display/install/rviz_plugin_tutorial_msgs/share/rviz_plugin_tutorial_msgs/msg/Point2D.idl
[2.872s] -- Installing: /home/misys/ros2_ws/src/point_display/install/rviz_plugin_tutorial_msgs/share/rviz_plugin_tutorial_msgs/msg/Point2D.msg
[2.872s] -- Installing: /home/misys/ros2_ws/src/point_display/install/rviz_plugin_tutorial_msgs/share/ament_index/resource_index/package_run_dependencies/rviz_plugin_tutorial_msgs
[2.872s] -- Installing: /home/misys/ros2_ws/src/point_display/install/rviz_plugin_tutorial_msgs/share/ament_index/resource_index/parent_prefix_path/rviz_plugin_tutorial_msgs
[2.872s] -- Installing: /home/misys/ros2_ws/src/point_display/install/rviz_plugin_tutorial_msgs/share/rviz_plugin_tutorial_msgs/environment/ament_prefix_path.sh
[2.873s] -- Installing: /home/misys/ros2_ws/src/point_display/install/rviz_plugin_tutorial_msgs/share/rviz_plugin_tutorial_msgs/environment/ament_prefix_path.dsv
[2.873s] -- Installing: /home/misys/ros2_ws/src/point_display/install/rviz_plugin_tutorial_msgs/share/rviz_plugin_tutorial_msgs/environment/path.sh
[2.873s] -- Installing: /home/misys/ros2_ws/src/point_display/install/rviz_plugin_tutorial_msgs/share/rviz_plugin_tutorial_msgs/environment/path.dsv
[2.873s] -- Installing: /home/misys/ros2_ws/src/point_display/install/rviz_plugin_tutorial_msgs/share/rviz_plugin_tutorial_msgs/local_setup.bash
[2.873s] -- Installing: /home/misys/ros2_ws/src/point_display/install/rviz_plugin_tutorial_msgs/share/rviz_plugin_tutorial_msgs/local_setup.sh
[2.873s] -- Installing: /home/misys/ros2_ws/src/point_display/install/rviz_plugin_tutorial_msgs/share/rviz_plugin_tutorial_msgs/local_setup.zsh
[2.873s] -- Installing: /home/misys/ros2_ws/src/point_display/install/rviz_plugin_tutorial_msgs/share/rviz_plugin_tutorial_msgs/local_setup.dsv
[2.873s] -- Installing: /home/misys/ros2_ws/src/point_display/install/rviz_plugin_tutorial_msgs/share/rviz_plugin_tutorial_msgs/package.dsv
[2.873s] -- Installing: /home/misys/ros2_ws/src/point_display/install/rviz_plugin_tutorial_msgs/share/ament_index/resource_index/packages/rviz_plugin_tutorial_msgs
[2.873s] -- Installing: /home/misys/ros2_ws/src/point_display/install/rviz_plugin_tutorial_msgs/share/rviz_plugin_tutorial_msgs/cmake/export_rviz_plugin_tutorial_msgs__rosidl_generator_cExport.cmake
[2.873s] -- Installing: /home/misys/ros2_ws/src/point_display/install/rviz_plugin_tutorial_msgs/share/rviz_plugin_tutorial_msgs/cmake/export_rviz_plugin_tutorial_msgs__rosidl_generator_cExport-noconfig.cmake
[2.873s] -- Installing: /home/misys/ros2_ws/src/point_display/install/rviz_plugin_tutorial_msgs/share/rviz_plugin_tutorial_msgs/cmake/export_rviz_plugin_tutorial_msgs__rosidl_typesupport_fastrtps_cExport.cmake
[2.873s] -- Installing: /home/misys/ros2_ws/src/point_display/install/rviz_plugin_tutorial_msgs/share/rviz_plugin_tutorial_msgs/cmake/export_rviz_plugin_tutorial_msgs__rosidl_typesupport_fastrtps_cExport-noconfig.cmake
[2.873s] -- Installing: /home/misys/ros2_ws/src/point_display/install/rviz_plugin_tutorial_msgs/share/rviz_plugin_tutorial_msgs/cmake/rviz_plugin_tutorial_msgs__rosidl_typesupport_introspection_cExport.cmake
[2.873s] -- Installing: /home/misys/ros2_ws/src/point_display/install/rviz_plugin_tutorial_msgs/share/rviz_plugin_tutorial_msgs/cmake/rviz_plugin_tutorial_msgs__rosidl_typesupport_introspection_cExport-noconfig.cmake
[2.873s] -- Installing: /home/misys/ros2_ws/src/point_display/install/rviz_plugin_tutorial_msgs/share/rviz_plugin_tutorial_msgs/cmake/rviz_plugin_tutorial_msgs__rosidl_typesupport_cExport.cmake
[2.873s] -- Installing: /home/misys/ros2_ws/src/point_display/install/rviz_plugin_tutorial_msgs/share/rviz_plugin_tutorial_msgs/cmake/rviz_plugin_tutorial_msgs__rosidl_typesupport_cExport-noconfig.cmake
[2.873s] -- Installing: /home/misys/ros2_ws/src/point_display/install/rviz_plugin_tutorial_msgs/share/rviz_plugin_tutorial_msgs/cmake/export_rviz_plugin_tutorial_msgs__rosidl_generator_cppExport.cmake
[2.873s] -- Installing: /home/misys/ros2_ws/src/point_display/install/rviz_plugin_tutorial_msgs/share/rviz_plugin_tutorial_msgs/cmake/export_rviz_plugin_tutorial_msgs__rosidl_typesupport_fastrtps_cppExport.cmake
[2.873s] -- Installing: /home/misys/ros2_ws/src/point_display/install/rviz_plugin_tutorial_msgs/share/rviz_plugin_tutorial_msgs/cmake/export_rviz_plugin_tutorial_msgs__rosidl_typesupport_fastrtps_cppExport-noconfig.cmake
[2.874s] -- Installing: /home/misys/ros2_ws/src/point_display/install/rviz_plugin_tutorial_msgs/share/rviz_plugin_tutorial_msgs/cmake/rviz_plugin_tutorial_msgs__rosidl_typesupport_introspection_cppExport.cmake
[2.874s] -- Installing: /home/misys/ros2_ws/src/point_display/install/rviz_plugin_tutorial_msgs/share/rviz_plugin_tutorial_msgs/cmake/rviz_plugin_tutorial_msgs__rosidl_typesupport_introspection_cppExport-noconfig.cmake
[2.874s] -- Installing: /home/misys/ros2_ws/src/point_display/install/rviz_plugin_tutorial_msgs/share/rviz_plugin_tutorial_msgs/cmake/rviz_plugin_tutorial_msgs__rosidl_typesupport_cppExport.cmake
[2.874s] -- Installing: /home/misys/ros2_ws/src/point_display/install/rviz_plugin_tutorial_msgs/share/rviz_plugin_tutorial_msgs/cmake/rviz_plugin_tutorial_msgs__rosidl_typesupport_cppExport-noconfig.cmake
[2.874s] -- Installing: /home/misys/ros2_ws/src/point_display/install/rviz_plugin_tutorial_msgs/share/rviz_plugin_tutorial_msgs/cmake/export_rviz_plugin_tutorial_msgs__rosidl_generator_pyExport.cmake
[2.874s] -- Installing: /home/misys/ros2_ws/src/point_display/install/rviz_plugin_tutorial_msgs/share/rviz_plugin_tutorial_msgs/cmake/export_rviz_plugin_tutorial_msgs__rosidl_generator_pyExport-noconfig.cmake
[2.874s] -- Installing: /home/misys/ros2_ws/src/point_display/install/rviz_plugin_tutorial_msgs/share/rviz_plugin_tutorial_msgs/cmake/rosidl_cmake-extras.cmake
[2.874s] -- Installing: /home/misys/ros2_ws/src/point_display/install/rviz_plugin_tutorial_msgs/share/rviz_plugin_tutorial_msgs/cmake/ament_cmake_export_dependencies-extras.cmake
[2.874s] -- Installing: /home/misys/ros2_ws/src/point_display/install/rviz_plugin_tutorial_msgs/share/rviz_plugin_tutorial_msgs/cmake/ament_cmake_export_include_directories-extras.cmake
[2.874s] -- Installing: /home/misys/ros2_ws/src/point_display/install/rviz_plugin_tutorial_msgs/share/rviz_plugin_tutorial_msgs/cmake/ament_cmake_export_libraries-extras.cmake
[2.874s] -- Installing: /home/misys/ros2_ws/src/point_display/install/rviz_plugin_tutorial_msgs/share/rviz_plugin_tutorial_msgs/cmake/ament_cmake_export_targets-extras.cmake
[2.874s] -- Installing: /home/misys/ros2_ws/src/point_display/install/rviz_plugin_tutorial_msgs/share/rviz_plugin_tutorial_msgs/cmake/rosidl_cmake_export_typesupport_targets-extras.cmake
[2.874s] -- Installing: /home/misys/ros2_ws/src/point_display/install/rviz_plugin_tutorial_msgs/share/rviz_plugin_tutorial_msgs/cmake/rosidl_cmake_export_typesupport_libraries-extras.cmake
[2.874s] -- Installing: /home/misys/ros2_ws/src/point_display/install/rviz_plugin_tutorial_msgs/share/rviz_plugin_tutorial_msgs/cmake/rviz_plugin_tutorial_msgsConfig.cmake
[2.874s] -- Installing: /home/misys/ros2_ws/src/point_display/install/rviz_plugin_tutorial_msgs/share/rviz_plugin_tutorial_msgs/cmake/rviz_plugin_tutorial_msgsConfig-version.cmake
[2.874s] -- Installing: /home/misys/ros2_ws/src/point_display/install/rviz_plugin_tutorial_msgs/share/rviz_plugin_tutorial_msgs/package.xml
[2.876s] Invoked command in '/home/misys/ros2_ws/src/point_display/build/rviz_plugin_tutorial_msgs' returned '0': CMAKE_PREFIX_PATH=${CMAKE_PREFIX_PATH}:/opt/ros/humble /usr/bin/cmake --install /home/misys/ros2_ws/src/point_display/build/rviz_plugin_tutorial_msgs
