[0.067s] DEBUG:colcon:Command line arguments: ['/usr/bin/colcon', 'build']
[0.067s] DEBUG:colcon:Parsed command line arguments: Namespace(log_base=None, log_level=None, verb_name='build', build_base='build', install_base='install', merge_install=False, symlink_install=False, test_result_base=None, continue_on_error=False, executor='parallel', parallel_workers=32, event_handlers=None, ignore_user_meta=False, metas=['./colcon.meta'], base_paths=['.'], packages_ignore=None, packages_ignore_regex=None, paths=None, packages_up_to=None, packages_up_to_regex=None, packages_above=None, packages_above_and_dependencies=None, packages_above_depth=None, packages_select_by_dep=None, packages_skip_by_dep=None, packages_skip_up_to=None, packages_select_build_failed=False, packages_skip_build_finished=False, packages_select_test_failures=False, packages_skip_test_passed=False, packages_select=None, packages_skip=None, packages_select_regex=None, packages_skip_regex=None, packages_start=None, packages_end=None, allow_overriding=[], cmake_args=None, cmake_target=None, cmake_target_skip_unavailable=False, cmake_clean_cache=False, cmake_clean_first=False, cmake_force_configure=False, ament_cmake_args=None, catkin_cmake_args=None, catkin_skip_building_tests=False, mixin_files=None, mixin=None, verb_parser=<colcon_mixin.mixin.mixin_argument.MixinArgumentDecorator object at 0x780aae794670>, verb_extension=<colcon_core.verb.build.BuildVerb object at 0x780aae898cd0>, main=<bound method BuildVerb.main of <colcon_core.verb.build.BuildVerb object at 0x780aae898cd0>>, mixin_verb=('build',))
[0.175s] Level 1:colcon.colcon_core.package_discovery:discover_packages(colcon_meta) check parameters
[0.175s] Level 1:colcon.colcon_core.package_discovery:discover_packages(recursive) check parameters
[0.175s] Level 1:colcon.colcon_core.package_discovery:discover_packages(ignore) check parameters
[0.175s] Level 1:colcon.colcon_core.package_discovery:discover_packages(path) check parameters
[0.175s] Level 1:colcon.colcon_core.package_discovery:discover_packages(colcon_meta) discover
[0.175s] Level 1:colcon.colcon_core.package_discovery:discover_packages(recursive) discover
[0.175s] INFO:colcon.colcon_core.package_discovery:Crawling recursively for packages in '/home/misys/ros2_ws/src/point_display'
[0.175s] Level 1:colcon.colcon_core.package_identification:_identify(.) by extensions ['ignore', 'ignore_ament_install']
[0.175s] Level 1:colcon.colcon_core.package_identification:_identify(.) by extension 'ignore'
[0.175s] Level 1:colcon.colcon_core.package_identification:_identify(.) by extension 'ignore_ament_install'
[0.175s] Level 1:colcon.colcon_core.package_identification:_identify(.) by extensions ['colcon_pkg']
[0.175s] Level 1:colcon.colcon_core.package_identification:_identify(.) by extension 'colcon_pkg'
[0.175s] Level 1:colcon.colcon_core.package_identification:_identify(.) by extensions ['colcon_meta']
[0.175s] Level 1:colcon.colcon_core.package_identification:_identify(.) by extension 'colcon_meta'
[0.175s] Level 1:colcon.colcon_core.package_identification:_identify(.) by extensions ['ros']
[0.175s] Level 1:colcon.colcon_core.package_identification:_identify(.) by extension 'ros'
[0.198s] Level 1:colcon.colcon_core.package_identification:_identify(.) by extensions ['cmake', 'python']
[0.198s] Level 1:colcon.colcon_core.package_identification:_identify(.) by extension 'cmake'
[0.198s] Level 1:colcon.colcon_core.package_identification:_identify(.) by extension 'python'
[0.198s] Level 1:colcon.colcon_core.package_identification:_identify(.) by extensions ['python_setup_py']
[0.198s] Level 1:colcon.colcon_core.package_identification:_identify(.) by extension 'python_setup_py'
[0.198s] Level 1:colcon.colcon_core.package_identification:_identify(build) by extensions ['ignore', 'ignore_ament_install']
[0.198s] Level 1:colcon.colcon_core.package_identification:_identify(build) by extension 'ignore'
[0.198s] Level 1:colcon.colcon_core.package_identification:_identify(build) ignored
[0.199s] Level 1:colcon.colcon_core.package_identification:_identify(install) by extensions ['ignore', 'ignore_ament_install']
[0.199s] Level 1:colcon.colcon_core.package_identification:_identify(install) by extension 'ignore'
[0.199s] Level 1:colcon.colcon_core.package_identification:_identify(install) ignored
[0.199s] Level 1:colcon.colcon_core.package_identification:_identify(log) by extensions ['ignore', 'ignore_ament_install']
[0.199s] Level 1:colcon.colcon_core.package_identification:_identify(log) by extension 'ignore'
[0.199s] Level 1:colcon.colcon_core.package_identification:_identify(log) ignored
[0.199s] Level 1:colcon.colcon_core.package_identification:_identify(rviz_plugin_tutorial) by extensions ['ignore', 'ignore_ament_install']
[0.199s] Level 1:colcon.colcon_core.package_identification:_identify(rviz_plugin_tutorial) by extension 'ignore'
[0.199s] Level 1:colcon.colcon_core.package_identification:_identify(rviz_plugin_tutorial) by extension 'ignore_ament_install'
[0.199s] Level 1:colcon.colcon_core.package_identification:_identify(rviz_plugin_tutorial) by extensions ['colcon_pkg']
[0.199s] Level 1:colcon.colcon_core.package_identification:_identify(rviz_plugin_tutorial) by extension 'colcon_pkg'
[0.199s] Level 1:colcon.colcon_core.package_identification:_identify(rviz_plugin_tutorial) by extensions ['colcon_meta']
[0.199s] Level 1:colcon.colcon_core.package_identification:_identify(rviz_plugin_tutorial) by extension 'colcon_meta'
[0.199s] Level 1:colcon.colcon_core.package_identification:_identify(rviz_plugin_tutorial) by extensions ['ros']
[0.199s] Level 1:colcon.colcon_core.package_identification:_identify(rviz_plugin_tutorial) by extension 'ros'
[0.199s] Level 1:colcon.colcon_core.package_identification:_identify(rviz_plugin_tutorial) by extensions ['cmake', 'python']
[0.199s] Level 1:colcon.colcon_core.package_identification:_identify(rviz_plugin_tutorial) by extension 'cmake'
[0.199s] Level 1:colcon.colcon_core.package_identification:_identify(rviz_plugin_tutorial) by extension 'python'
[0.199s] Level 1:colcon.colcon_core.package_identification:_identify(rviz_plugin_tutorial) by extensions ['python_setup_py']
[0.199s] Level 1:colcon.colcon_core.package_identification:_identify(rviz_plugin_tutorial) by extension 'python_setup_py'
[0.199s] Level 1:colcon.colcon_core.package_identification:_identify(rviz_plugin_tutorial/doc) by extensions ['ignore', 'ignore_ament_install']
[0.199s] Level 1:colcon.colcon_core.package_identification:_identify(rviz_plugin_tutorial/doc) by extension 'ignore'
[0.199s] Level 1:colcon.colcon_core.package_identification:_identify(rviz_plugin_tutorial/doc) by extension 'ignore_ament_install'
[0.199s] Level 1:colcon.colcon_core.package_identification:_identify(rviz_plugin_tutorial/doc) by extensions ['colcon_pkg']
[0.199s] Level 1:colcon.colcon_core.package_identification:_identify(rviz_plugin_tutorial/doc) by extension 'colcon_pkg'
[0.199s] Level 1:colcon.colcon_core.package_identification:_identify(rviz_plugin_tutorial/doc) by extensions ['colcon_meta']
[0.199s] Level 1:colcon.colcon_core.package_identification:_identify(rviz_plugin_tutorial/doc) by extension 'colcon_meta'
[0.199s] Level 1:colcon.colcon_core.package_identification:_identify(rviz_plugin_tutorial/doc) by extensions ['ros']
[0.199s] Level 1:colcon.colcon_core.package_identification:_identify(rviz_plugin_tutorial/doc) by extension 'ros'
[0.199s] Level 1:colcon.colcon_core.package_identification:_identify(rviz_plugin_tutorial/doc) by extensions ['cmake', 'python']
[0.199s] Level 1:colcon.colcon_core.package_identification:_identify(rviz_plugin_tutorial/doc) by extension 'cmake'
[0.199s] Level 1:colcon.colcon_core.package_identification:_identify(rviz_plugin_tutorial/doc) by extension 'python'
[0.199s] Level 1:colcon.colcon_core.package_identification:_identify(rviz_plugin_tutorial/doc) by extensions ['python_setup_py']
[0.199s] Level 1:colcon.colcon_core.package_identification:_identify(rviz_plugin_tutorial/doc) by extension 'python_setup_py'
[0.199s] Level 1:colcon.colcon_core.package_identification:_identify(rviz_plugin_tutorial/rviz_plugin_tutorial) by extensions ['ignore', 'ignore_ament_install']
[0.200s] Level 1:colcon.colcon_core.package_identification:_identify(rviz_plugin_tutorial/rviz_plugin_tutorial) by extension 'ignore'
[0.200s] Level 1:colcon.colcon_core.package_identification:_identify(rviz_plugin_tutorial/rviz_plugin_tutorial) by extension 'ignore_ament_install'
[0.200s] Level 1:colcon.colcon_core.package_identification:_identify(rviz_plugin_tutorial/rviz_plugin_tutorial) by extensions ['colcon_pkg']
[0.200s] Level 1:colcon.colcon_core.package_identification:_identify(rviz_plugin_tutorial/rviz_plugin_tutorial) by extension 'colcon_pkg'
[0.200s] Level 1:colcon.colcon_core.package_identification:_identify(rviz_plugin_tutorial/rviz_plugin_tutorial) by extensions ['colcon_meta']
[0.200s] Level 1:colcon.colcon_core.package_identification:_identify(rviz_plugin_tutorial/rviz_plugin_tutorial) by extension 'colcon_meta'
[0.200s] Level 1:colcon.colcon_core.package_identification:_identify(rviz_plugin_tutorial/rviz_plugin_tutorial) by extensions ['ros']
[0.200s] Level 1:colcon.colcon_core.package_identification:_identify(rviz_plugin_tutorial/rviz_plugin_tutorial) by extension 'ros'
[0.201s] DEBUG:colcon.colcon_core.package_identification:Package 'rviz_plugin_tutorial/rviz_plugin_tutorial' with type 'ros.ament_cmake' and name 'rviz_plugin_tutorial'
[0.201s] Level 1:colcon.colcon_core.package_identification:_identify(rviz_plugin_tutorial/rviz_plugin_tutorial_msgs) by extensions ['ignore', 'ignore_ament_install']
[0.201s] Level 1:colcon.colcon_core.package_identification:_identify(rviz_plugin_tutorial/rviz_plugin_tutorial_msgs) by extension 'ignore'
[0.201s] Level 1:colcon.colcon_core.package_identification:_identify(rviz_plugin_tutorial/rviz_plugin_tutorial_msgs) by extension 'ignore_ament_install'
[0.201s] Level 1:colcon.colcon_core.package_identification:_identify(rviz_plugin_tutorial/rviz_plugin_tutorial_msgs) by extensions ['colcon_pkg']
[0.202s] Level 1:colcon.colcon_core.package_identification:_identify(rviz_plugin_tutorial/rviz_plugin_tutorial_msgs) by extension 'colcon_pkg'
[0.202s] Level 1:colcon.colcon_core.package_identification:_identify(rviz_plugin_tutorial/rviz_plugin_tutorial_msgs) by extensions ['colcon_meta']
[0.202s] Level 1:colcon.colcon_core.package_identification:_identify(rviz_plugin_tutorial/rviz_plugin_tutorial_msgs) by extension 'colcon_meta'
[0.202s] Level 1:colcon.colcon_core.package_identification:_identify(rviz_plugin_tutorial/rviz_plugin_tutorial_msgs) by extensions ['ros']
[0.202s] Level 1:colcon.colcon_core.package_identification:_identify(rviz_plugin_tutorial/rviz_plugin_tutorial_msgs) by extension 'ros'
[0.202s] DEBUG:colcon.colcon_core.package_identification:Package 'rviz_plugin_tutorial/rviz_plugin_tutorial_msgs' with type 'ros.ament_cmake' and name 'rviz_plugin_tutorial_msgs'
[0.202s] Level 1:colcon.colcon_core.package_discovery:discover_packages(recursive) using defaults
[0.202s] Level 1:colcon.colcon_core.package_discovery:discover_packages(ignore) discover
[0.202s] Level 1:colcon.colcon_core.package_discovery:discover_packages(ignore) using defaults
[0.202s] Level 1:colcon.colcon_core.package_discovery:discover_packages(path) discover
[0.202s] Level 1:colcon.colcon_core.package_discovery:discover_packages(path) using defaults
[0.214s] Level 1:colcon.colcon_core.package_discovery:discover_packages(prefix_path) check parameters
[0.214s] Level 1:colcon.colcon_core.package_discovery:discover_packages(prefix_path) discover
[0.215s] DEBUG:colcon.colcon_installed_package_information.package_discovery:Found 5 installed packages in /home/misys/ros2_ws/install
[0.216s] DEBUG:colcon.colcon_installed_package_information.package_discovery:Found 334 installed packages in /opt/ros/humble
[0.218s] Level 1:colcon.colcon_core.package_discovery:discover_packages(prefix_path) using defaults
[0.241s] Level 5:colcon.colcon_core.verb:set package 'rviz_plugin_tutorial_msgs' build argument 'cmake_args' from command line to 'None'
[0.241s] Level 5:colcon.colcon_core.verb:set package 'rviz_plugin_tutorial_msgs' build argument 'cmake_target' from command line to 'None'
[0.241s] Level 5:colcon.colcon_core.verb:set package 'rviz_plugin_tutorial_msgs' build argument 'cmake_target_skip_unavailable' from command line to 'False'
[0.241s] Level 5:colcon.colcon_core.verb:set package 'rviz_plugin_tutorial_msgs' build argument 'cmake_clean_cache' from command line to 'False'
[0.241s] Level 5:colcon.colcon_core.verb:set package 'rviz_plugin_tutorial_msgs' build argument 'cmake_clean_first' from command line to 'False'
[0.241s] Level 5:colcon.colcon_core.verb:set package 'rviz_plugin_tutorial_msgs' build argument 'cmake_force_configure' from command line to 'False'
[0.241s] Level 5:colcon.colcon_core.verb:set package 'rviz_plugin_tutorial_msgs' build argument 'ament_cmake_args' from command line to 'None'
[0.241s] Level 5:colcon.colcon_core.verb:set package 'rviz_plugin_tutorial_msgs' build argument 'catkin_cmake_args' from command line to 'None'
[0.241s] Level 5:colcon.colcon_core.verb:set package 'rviz_plugin_tutorial_msgs' build argument 'catkin_skip_building_tests' from command line to 'False'
[0.241s] DEBUG:colcon.colcon_core.verb:Building package 'rviz_plugin_tutorial_msgs' with the following arguments: {'ament_cmake_args': None, 'build_base': '/home/misys/ros2_ws/src/point_display/build/rviz_plugin_tutorial_msgs', 'catkin_cmake_args': None, 'catkin_skip_building_tests': False, 'cmake_args': None, 'cmake_clean_cache': False, 'cmake_clean_first': False, 'cmake_force_configure': False, 'cmake_target': None, 'cmake_target_skip_unavailable': False, 'install_base': '/home/misys/ros2_ws/src/point_display/install/rviz_plugin_tutorial_msgs', 'merge_install': False, 'path': '/home/misys/ros2_ws/src/point_display/rviz_plugin_tutorial/rviz_plugin_tutorial_msgs', 'symlink_install': False, 'test_result_base': None}
[0.241s] Level 5:colcon.colcon_core.verb:set package 'rviz_plugin_tutorial' build argument 'cmake_args' from command line to 'None'
[0.241s] Level 5:colcon.colcon_core.verb:set package 'rviz_plugin_tutorial' build argument 'cmake_target' from command line to 'None'
[0.241s] Level 5:colcon.colcon_core.verb:set package 'rviz_plugin_tutorial' build argument 'cmake_target_skip_unavailable' from command line to 'False'
[0.241s] Level 5:colcon.colcon_core.verb:set package 'rviz_plugin_tutorial' build argument 'cmake_clean_cache' from command line to 'False'
[0.241s] Level 5:colcon.colcon_core.verb:set package 'rviz_plugin_tutorial' build argument 'cmake_clean_first' from command line to 'False'
[0.241s] Level 5:colcon.colcon_core.verb:set package 'rviz_plugin_tutorial' build argument 'cmake_force_configure' from command line to 'False'
[0.241s] Level 5:colcon.colcon_core.verb:set package 'rviz_plugin_tutorial' build argument 'ament_cmake_args' from command line to 'None'
[0.241s] Level 5:colcon.colcon_core.verb:set package 'rviz_plugin_tutorial' build argument 'catkin_cmake_args' from command line to 'None'
[0.241s] Level 5:colcon.colcon_core.verb:set package 'rviz_plugin_tutorial' build argument 'catkin_skip_building_tests' from command line to 'False'
[0.241s] DEBUG:colcon.colcon_core.verb:Building package 'rviz_plugin_tutorial' with the following arguments: {'ament_cmake_args': None, 'build_base': '/home/misys/ros2_ws/src/point_display/build/rviz_plugin_tutorial', 'catkin_cmake_args': None, 'catkin_skip_building_tests': False, 'cmake_args': None, 'cmake_clean_cache': False, 'cmake_clean_first': False, 'cmake_force_configure': False, 'cmake_target': None, 'cmake_target_skip_unavailable': False, 'install_base': '/home/misys/ros2_ws/src/point_display/install/rviz_plugin_tutorial', 'merge_install': False, 'path': '/home/misys/ros2_ws/src/point_display/rviz_plugin_tutorial/rviz_plugin_tutorial', 'symlink_install': False, 'test_result_base': None}
[0.241s] INFO:colcon.colcon_core.executor:Executing jobs using 'parallel' executor
[0.242s] DEBUG:colcon.colcon_parallel_executor.executor.parallel:run_until_complete
[0.242s] INFO:colcon.colcon_ros.task.ament_cmake.build:Building ROS package in '/home/misys/ros2_ws/src/point_display/rviz_plugin_tutorial/rviz_plugin_tutorial_msgs' with build type 'ament_cmake'
[0.242s] INFO:colcon.colcon_cmake.task.cmake.build:Building CMake package in '/home/misys/ros2_ws/src/point_display/rviz_plugin_tutorial/rviz_plugin_tutorial_msgs'
[0.243s] INFO:colcon.colcon_core.plugin_system:Skipping extension 'colcon_core.shell.bat': Not used on non-Windows systems
[0.244s] INFO:colcon.colcon_core.shell:Skip shell extension 'powershell' for command environment: Not usable outside of PowerShell
[0.244s] DEBUG:colcon.colcon_core.shell:Skip shell extension 'dsv' for command environment
[0.250s] DEBUG:colcon.colcon_core.event_handler.log_command:Invoking command in '/home/misys/ros2_ws/src/point_display/build/rviz_plugin_tutorial_msgs': CMAKE_PREFIX_PATH=${CMAKE_PREFIX_PATH}:/opt/ros/humble /usr/bin/cmake /home/misys/ros2_ws/src/point_display/rviz_plugin_tutorial/rviz_plugin_tutorial_msgs -DCMAKE_INSTALL_PREFIX=/home/misys/ros2_ws/src/point_display/install/rviz_plugin_tutorial_msgs
[1.723s] DEBUG:colcon.colcon_core.event_handler.log_command:Invoked command in '/home/misys/ros2_ws/src/point_display/build/rviz_plugin_tutorial_msgs' returned '0': CMAKE_PREFIX_PATH=${CMAKE_PREFIX_PATH}:/opt/ros/humble /usr/bin/cmake /home/misys/ros2_ws/src/point_display/rviz_plugin_tutorial/rviz_plugin_tutorial_msgs -DCMAKE_INSTALL_PREFIX=/home/misys/ros2_ws/src/point_display/install/rviz_plugin_tutorial_msgs
[1.724s] DEBUG:colcon.colcon_core.event_handler.log_command:Invoking command in '/home/misys/ros2_ws/src/point_display/build/rviz_plugin_tutorial_msgs': CMAKE_PREFIX_PATH=${CMAKE_PREFIX_PATH}:/opt/ros/humble /usr/bin/cmake --build /home/misys/ros2_ws/src/point_display/build/rviz_plugin_tutorial_msgs -- -j32 -l32
[2.951s] DEBUG:colcon.colcon_core.event_handler.log_command:Invoked command in '/home/misys/ros2_ws/src/point_display/build/rviz_plugin_tutorial_msgs' returned '0': CMAKE_PREFIX_PATH=${CMAKE_PREFIX_PATH}:/opt/ros/humble /usr/bin/cmake --build /home/misys/ros2_ws/src/point_display/build/rviz_plugin_tutorial_msgs -- -j32 -l32
[3.050s] DEBUG:colcon.colcon_core.event_handler.log_command:Invoking command in '/home/misys/ros2_ws/src/point_display/build/rviz_plugin_tutorial_msgs': CMAKE_PREFIX_PATH=${CMAKE_PREFIX_PATH}:/opt/ros/humble /usr/bin/cmake --install /home/misys/ros2_ws/src/point_display/build/rviz_plugin_tutorial_msgs
[3.118s] Level 1:colcon.colcon_core.environment:create_environment_scripts_only(rviz_plugin_tutorial_msgs)
[3.118s] DEBUG:colcon.colcon_core.event_handler.log_command:Invoked command in '/home/misys/ros2_ws/src/point_display/build/rviz_plugin_tutorial_msgs' returned '0': CMAKE_PREFIX_PATH=${CMAKE_PREFIX_PATH}:/opt/ros/humble /usr/bin/cmake --install /home/misys/ros2_ws/src/point_display/build/rviz_plugin_tutorial_msgs
[3.120s] Level 1:colcon.colcon_core.environment:checking '/home/misys/ros2_ws/src/point_display/install/rviz_plugin_tutorial_msgs' for CMake module files
[3.121s] Level 1:colcon.colcon_core.environment:checking '/home/misys/ros2_ws/src/point_display/install/rviz_plugin_tutorial_msgs' for CMake config files
[3.121s] Level 1:colcon.colcon_core.shell:create_environment_hook('rviz_plugin_tutorial_msgs', 'cmake_prefix_path')
[3.121s] INFO:colcon.colcon_core.shell:Creating environment hook '/home/misys/ros2_ws/src/point_display/install/rviz_plugin_tutorial_msgs/share/rviz_plugin_tutorial_msgs/hook/cmake_prefix_path.ps1'
[3.122s] INFO:colcon.colcon_core.shell:Creating environment descriptor '/home/misys/ros2_ws/src/point_display/install/rviz_plugin_tutorial_msgs/share/rviz_plugin_tutorial_msgs/hook/cmake_prefix_path.dsv'
[3.122s] INFO:colcon.colcon_core.shell:Creating environment hook '/home/misys/ros2_ws/src/point_display/install/rviz_plugin_tutorial_msgs/share/rviz_plugin_tutorial_msgs/hook/cmake_prefix_path.sh'
[3.123s] Level 1:colcon.colcon_core.environment:checking '/home/misys/ros2_ws/src/point_display/install/rviz_plugin_tutorial_msgs/lib'
[3.123s] Level 1:colcon.colcon_core.shell:create_environment_hook('rviz_plugin_tutorial_msgs', 'ld_library_path_lib')
[3.123s] INFO:colcon.colcon_core.shell:Creating environment hook '/home/misys/ros2_ws/src/point_display/install/rviz_plugin_tutorial_msgs/share/rviz_plugin_tutorial_msgs/hook/ld_library_path_lib.ps1'
[3.123s] INFO:colcon.colcon_core.shell:Creating environment descriptor '/home/misys/ros2_ws/src/point_display/install/rviz_plugin_tutorial_msgs/share/rviz_plugin_tutorial_msgs/hook/ld_library_path_lib.dsv'
[3.124s] INFO:colcon.colcon_core.shell:Creating environment hook '/home/misys/ros2_ws/src/point_display/install/rviz_plugin_tutorial_msgs/share/rviz_plugin_tutorial_msgs/hook/ld_library_path_lib.sh'
[3.124s] Level 1:colcon.colcon_core.environment:checking '/home/misys/ros2_ws/src/point_display/install/rviz_plugin_tutorial_msgs/bin'
[3.124s] Level 1:colcon.colcon_core.environment:checking '/home/misys/ros2_ws/src/point_display/install/rviz_plugin_tutorial_msgs/lib/pkgconfig/rviz_plugin_tutorial_msgs.pc'
[3.124s] Level 1:colcon.colcon_core.environment:checking '/home/misys/ros2_ws/src/point_display/install/rviz_plugin_tutorial_msgs/lib/python3.10/site-packages'
[3.125s] Level 1:colcon.colcon_core.environment:checking '/home/misys/ros2_ws/src/point_display/install/rviz_plugin_tutorial_msgs/bin'
[3.125s] INFO:colcon.colcon_core.shell:Creating package script '/home/misys/ros2_ws/src/point_display/install/rviz_plugin_tutorial_msgs/share/rviz_plugin_tutorial_msgs/package.ps1'
[3.126s] INFO:colcon.colcon_core.shell:Creating package descriptor '/home/misys/ros2_ws/src/point_display/install/rviz_plugin_tutorial_msgs/share/rviz_plugin_tutorial_msgs/package.dsv'
[3.126s] INFO:colcon.colcon_core.shell:Creating package script '/home/misys/ros2_ws/src/point_display/install/rviz_plugin_tutorial_msgs/share/rviz_plugin_tutorial_msgs/package.sh'
[3.127s] INFO:colcon.colcon_core.shell:Creating package script '/home/misys/ros2_ws/src/point_display/install/rviz_plugin_tutorial_msgs/share/rviz_plugin_tutorial_msgs/package.bash'
[3.127s] INFO:colcon.colcon_core.shell:Creating package script '/home/misys/ros2_ws/src/point_display/install/rviz_plugin_tutorial_msgs/share/rviz_plugin_tutorial_msgs/package.zsh'
[3.128s] Level 1:colcon.colcon_core.environment:create_file_with_runtime_dependencies(/home/misys/ros2_ws/src/point_display/install/rviz_plugin_tutorial_msgs/share/colcon-core/packages/rviz_plugin_tutorial_msgs)
[3.209s] Level 1:colcon.colcon_core.environment:create_environment_scripts_only(rviz_plugin_tutorial_msgs)
[3.209s] Level 1:colcon.colcon_core.environment:checking '/home/misys/ros2_ws/src/point_display/install/rviz_plugin_tutorial_msgs' for CMake module files
[3.210s] Level 1:colcon.colcon_core.environment:checking '/home/misys/ros2_ws/src/point_display/install/rviz_plugin_tutorial_msgs' for CMake config files
[3.210s] Level 1:colcon.colcon_core.shell:create_environment_hook('rviz_plugin_tutorial_msgs', 'cmake_prefix_path')
[3.210s] INFO:colcon.colcon_core.shell:Creating environment hook '/home/misys/ros2_ws/src/point_display/install/rviz_plugin_tutorial_msgs/share/rviz_plugin_tutorial_msgs/hook/cmake_prefix_path.ps1'
[3.211s] INFO:colcon.colcon_core.shell:Creating environment descriptor '/home/misys/ros2_ws/src/point_display/install/rviz_plugin_tutorial_msgs/share/rviz_plugin_tutorial_msgs/hook/cmake_prefix_path.dsv'
[3.211s] INFO:colcon.colcon_core.shell:Creating environment hook '/home/misys/ros2_ws/src/point_display/install/rviz_plugin_tutorial_msgs/share/rviz_plugin_tutorial_msgs/hook/cmake_prefix_path.sh'
[3.212s] Level 1:colcon.colcon_core.environment:checking '/home/misys/ros2_ws/src/point_display/install/rviz_plugin_tutorial_msgs/lib'
[3.212s] Level 1:colcon.colcon_core.shell:create_environment_hook('rviz_plugin_tutorial_msgs', 'ld_library_path_lib')
[3.212s] INFO:colcon.colcon_core.shell:Creating environment hook '/home/misys/ros2_ws/src/point_display/install/rviz_plugin_tutorial_msgs/share/rviz_plugin_tutorial_msgs/hook/ld_library_path_lib.ps1'
[3.212s] INFO:colcon.colcon_core.shell:Creating environment descriptor '/home/misys/ros2_ws/src/point_display/install/rviz_plugin_tutorial_msgs/share/rviz_plugin_tutorial_msgs/hook/ld_library_path_lib.dsv'
[3.213s] INFO:colcon.colcon_core.shell:Creating environment hook '/home/misys/ros2_ws/src/point_display/install/rviz_plugin_tutorial_msgs/share/rviz_plugin_tutorial_msgs/hook/ld_library_path_lib.sh'
[3.213s] Level 1:colcon.colcon_core.environment:checking '/home/misys/ros2_ws/src/point_display/install/rviz_plugin_tutorial_msgs/bin'
[3.213s] Level 1:colcon.colcon_core.environment:checking '/home/misys/ros2_ws/src/point_display/install/rviz_plugin_tutorial_msgs/lib/pkgconfig/rviz_plugin_tutorial_msgs.pc'
[3.213s] Level 1:colcon.colcon_core.environment:checking '/home/misys/ros2_ws/src/point_display/install/rviz_plugin_tutorial_msgs/lib/python3.10/site-packages'
[3.213s] Level 1:colcon.colcon_core.environment:checking '/home/misys/ros2_ws/src/point_display/install/rviz_plugin_tutorial_msgs/bin'
[3.214s] INFO:colcon.colcon_core.shell:Creating package script '/home/misys/ros2_ws/src/point_display/install/rviz_plugin_tutorial_msgs/share/rviz_plugin_tutorial_msgs/package.ps1'
[3.214s] INFO:colcon.colcon_core.shell:Creating package descriptor '/home/misys/ros2_ws/src/point_display/install/rviz_plugin_tutorial_msgs/share/rviz_plugin_tutorial_msgs/package.dsv'
[3.215s] INFO:colcon.colcon_core.shell:Creating package script '/home/misys/ros2_ws/src/point_display/install/rviz_plugin_tutorial_msgs/share/rviz_plugin_tutorial_msgs/package.sh'
[3.215s] INFO:colcon.colcon_core.shell:Creating package script '/home/misys/ros2_ws/src/point_display/install/rviz_plugin_tutorial_msgs/share/rviz_plugin_tutorial_msgs/package.bash'
[3.216s] INFO:colcon.colcon_core.shell:Creating package script '/home/misys/ros2_ws/src/point_display/install/rviz_plugin_tutorial_msgs/share/rviz_plugin_tutorial_msgs/package.zsh'
[3.216s] Level 1:colcon.colcon_core.environment:create_file_with_runtime_dependencies(/home/misys/ros2_ws/src/point_display/install/rviz_plugin_tutorial_msgs/share/colcon-core/packages/rviz_plugin_tutorial_msgs)
[3.216s] INFO:colcon.colcon_ros.task.ament_cmake.build:Building ROS package in '/home/misys/ros2_ws/src/point_display/rviz_plugin_tutorial/rviz_plugin_tutorial' with build type 'ament_cmake'
[3.217s] INFO:colcon.colcon_cmake.task.cmake.build:Building CMake package in '/home/misys/ros2_ws/src/point_display/rviz_plugin_tutorial/rviz_plugin_tutorial'
[3.217s] INFO:colcon.colcon_core.shell:Skip shell extension 'powershell' for command environment: Not usable outside of PowerShell
[3.217s] DEBUG:colcon.colcon_core.shell:Skip shell extension 'dsv' for command environment
[3.228s] DEBUG:colcon.colcon_core.event_handler.log_command:Invoking command in '/home/misys/ros2_ws/src/point_display/build/rviz_plugin_tutorial': AMENT_PREFIX_PATH=/home/misys/ros2_ws/src/point_display/install/rviz_plugin_tutorial_msgs:${AMENT_PREFIX_PATH} CMAKE_PREFIX_PATH=/home/misys/ros2_ws/src/point_display/install/rviz_plugin_tutorial_msgs:/home/misys/ros2_ws/install/cpp_pubsub:/home/misys/ros2_ws/install/tutorial_interfaces:/home/misys/ros2_ws/install/more_interfaces:/home/misys/ros2_ws/install/morai_ros2_msgs:/home/misys/ros2_ws/install/cpp_parameters:/opt/ros/humble LD_LIBRARY_PATH=/home/misys/ros2_ws/src/point_display/install/rviz_plugin_tutorial_msgs/lib:/home/misys/ros2_ws/install/tutorial_interfaces/lib:/home/misys/ros2_ws/install/more_interfaces/lib:/home/misys/ros2_ws/install/morai_ros2_msgs/lib:/opt/ros/humble/opt/rviz_ogre_vendor/lib:/opt/ros/humble/lib/x86_64-linux-gnu:/opt/ros/humble/lib:/usr/local/cuda-12.2/lib64 PYTHONPATH=/home/misys/ros2_ws/src/point_display/install/rviz_plugin_tutorial_msgs/local/lib/python3.10/dist-packages:${PYTHONPATH} /usr/bin/cmake /home/misys/ros2_ws/src/point_display/rviz_plugin_tutorial/rviz_plugin_tutorial -DCMAKE_INSTALL_PREFIX=/home/misys/ros2_ws/src/point_display/install/rviz_plugin_tutorial
[5.025s] DEBUG:colcon.colcon_core.event_handler.log_command:Invoked command in '/home/misys/ros2_ws/src/point_display/build/rviz_plugin_tutorial' returned '0': AMENT_PREFIX_PATH=/home/misys/ros2_ws/src/point_display/install/rviz_plugin_tutorial_msgs:${AMENT_PREFIX_PATH} CMAKE_PREFIX_PATH=/home/misys/ros2_ws/src/point_display/install/rviz_plugin_tutorial_msgs:/home/misys/ros2_ws/install/cpp_pubsub:/home/misys/ros2_ws/install/tutorial_interfaces:/home/misys/ros2_ws/install/more_interfaces:/home/misys/ros2_ws/install/morai_ros2_msgs:/home/misys/ros2_ws/install/cpp_parameters:/opt/ros/humble LD_LIBRARY_PATH=/home/misys/ros2_ws/src/point_display/install/rviz_plugin_tutorial_msgs/lib:/home/misys/ros2_ws/install/tutorial_interfaces/lib:/home/misys/ros2_ws/install/more_interfaces/lib:/home/misys/ros2_ws/install/morai_ros2_msgs/lib:/opt/ros/humble/opt/rviz_ogre_vendor/lib:/opt/ros/humble/lib/x86_64-linux-gnu:/opt/ros/humble/lib:/usr/local/cuda-12.2/lib64 PYTHONPATH=/home/misys/ros2_ws/src/point_display/install/rviz_plugin_tutorial_msgs/local/lib/python3.10/dist-packages:${PYTHONPATH} /usr/bin/cmake /home/misys/ros2_ws/src/point_display/rviz_plugin_tutorial/rviz_plugin_tutorial -DCMAKE_INSTALL_PREFIX=/home/misys/ros2_ws/src/point_display/install/rviz_plugin_tutorial
[5.027s] DEBUG:colcon.colcon_core.event_handler.log_command:Invoking command in '/home/misys/ros2_ws/src/point_display/build/rviz_plugin_tutorial': AMENT_PREFIX_PATH=/home/misys/ros2_ws/src/point_display/install/rviz_plugin_tutorial_msgs:${AMENT_PREFIX_PATH} CMAKE_PREFIX_PATH=/home/misys/ros2_ws/src/point_display/install/rviz_plugin_tutorial_msgs:/home/misys/ros2_ws/install/cpp_pubsub:/home/misys/ros2_ws/install/tutorial_interfaces:/home/misys/ros2_ws/install/more_interfaces:/home/misys/ros2_ws/install/morai_ros2_msgs:/home/misys/ros2_ws/install/cpp_parameters:/opt/ros/humble LD_LIBRARY_PATH=/home/misys/ros2_ws/src/point_display/install/rviz_plugin_tutorial_msgs/lib:/home/misys/ros2_ws/install/tutorial_interfaces/lib:/home/misys/ros2_ws/install/more_interfaces/lib:/home/misys/ros2_ws/install/morai_ros2_msgs/lib:/opt/ros/humble/opt/rviz_ogre_vendor/lib:/opt/ros/humble/lib/x86_64-linux-gnu:/opt/ros/humble/lib:/usr/local/cuda-12.2/lib64 PYTHONPATH=/home/misys/ros2_ws/src/point_display/install/rviz_plugin_tutorial_msgs/local/lib/python3.10/dist-packages:${PYTHONPATH} /usr/bin/cmake --build /home/misys/ros2_ws/src/point_display/build/rviz_plugin_tutorial -- -j32 -l32
[12.737s] DEBUG:colcon.colcon_core.event_handler.log_command:Invoked command in '/home/misys/ros2_ws/src/point_display/build/rviz_plugin_tutorial' returned '0': AMENT_PREFIX_PATH=/home/misys/ros2_ws/src/point_display/install/rviz_plugin_tutorial_msgs:${AMENT_PREFIX_PATH} CMAKE_PREFIX_PATH=/home/misys/ros2_ws/src/point_display/install/rviz_plugin_tutorial_msgs:/home/misys/ros2_ws/install/cpp_pubsub:/home/misys/ros2_ws/install/tutorial_interfaces:/home/misys/ros2_ws/install/more_interfaces:/home/misys/ros2_ws/install/morai_ros2_msgs:/home/misys/ros2_ws/install/cpp_parameters:/opt/ros/humble LD_LIBRARY_PATH=/home/misys/ros2_ws/src/point_display/install/rviz_plugin_tutorial_msgs/lib:/home/misys/ros2_ws/install/tutorial_interfaces/lib:/home/misys/ros2_ws/install/more_interfaces/lib:/home/misys/ros2_ws/install/morai_ros2_msgs/lib:/opt/ros/humble/opt/rviz_ogre_vendor/lib:/opt/ros/humble/lib/x86_64-linux-gnu:/opt/ros/humble/lib:/usr/local/cuda-12.2/lib64 PYTHONPATH=/home/misys/ros2_ws/src/point_display/install/rviz_plugin_tutorial_msgs/local/lib/python3.10/dist-packages:${PYTHONPATH} /usr/bin/cmake --build /home/misys/ros2_ws/src/point_display/build/rviz_plugin_tutorial -- -j32 -l32
[12.780s] DEBUG:colcon.colcon_core.event_handler.log_command:Invoking command in '/home/misys/ros2_ws/src/point_display/build/rviz_plugin_tutorial': AMENT_PREFIX_PATH=/home/misys/ros2_ws/src/point_display/install/rviz_plugin_tutorial_msgs:${AMENT_PREFIX_PATH} CMAKE_PREFIX_PATH=/home/misys/ros2_ws/src/point_display/install/rviz_plugin_tutorial_msgs:/home/misys/ros2_ws/install/cpp_pubsub:/home/misys/ros2_ws/install/tutorial_interfaces:/home/misys/ros2_ws/install/more_interfaces:/home/misys/ros2_ws/install/morai_ros2_msgs:/home/misys/ros2_ws/install/cpp_parameters:/opt/ros/humble LD_LIBRARY_PATH=/home/misys/ros2_ws/src/point_display/install/rviz_plugin_tutorial_msgs/lib:/home/misys/ros2_ws/install/tutorial_interfaces/lib:/home/misys/ros2_ws/install/more_interfaces/lib:/home/misys/ros2_ws/install/morai_ros2_msgs/lib:/opt/ros/humble/opt/rviz_ogre_vendor/lib:/opt/ros/humble/lib/x86_64-linux-gnu:/opt/ros/humble/lib:/usr/local/cuda-12.2/lib64 PYTHONPATH=/home/misys/ros2_ws/src/point_display/install/rviz_plugin_tutorial_msgs/local/lib/python3.10/dist-packages:${PYTHONPATH} /usr/bin/cmake --install /home/misys/ros2_ws/src/point_display/build/rviz_plugin_tutorial
[12.798s] Level 1:colcon.colcon_core.environment:create_environment_scripts_only(rviz_plugin_tutorial)
[12.798s] Level 1:colcon.colcon_core.environment:checking '/home/misys/ros2_ws/src/point_display/install/rviz_plugin_tutorial' for CMake module files
[12.798s] DEBUG:colcon.colcon_core.event_handler.log_command:Invoked command in '/home/misys/ros2_ws/src/point_display/build/rviz_plugin_tutorial' returned '0': AMENT_PREFIX_PATH=/home/misys/ros2_ws/src/point_display/install/rviz_plugin_tutorial_msgs:${AMENT_PREFIX_PATH} CMAKE_PREFIX_PATH=/home/misys/ros2_ws/src/point_display/install/rviz_plugin_tutorial_msgs:/home/misys/ros2_ws/install/cpp_pubsub:/home/misys/ros2_ws/install/tutorial_interfaces:/home/misys/ros2_ws/install/more_interfaces:/home/misys/ros2_ws/install/morai_ros2_msgs:/home/misys/ros2_ws/install/cpp_parameters:/opt/ros/humble LD_LIBRARY_PATH=/home/misys/ros2_ws/src/point_display/install/rviz_plugin_tutorial_msgs/lib:/home/misys/ros2_ws/install/tutorial_interfaces/lib:/home/misys/ros2_ws/install/more_interfaces/lib:/home/misys/ros2_ws/install/morai_ros2_msgs/lib:/opt/ros/humble/opt/rviz_ogre_vendor/lib:/opt/ros/humble/lib/x86_64-linux-gnu:/opt/ros/humble/lib:/usr/local/cuda-12.2/lib64 PYTHONPATH=/home/misys/ros2_ws/src/point_display/install/rviz_plugin_tutorial_msgs/local/lib/python3.10/dist-packages:${PYTHONPATH} /usr/bin/cmake --install /home/misys/ros2_ws/src/point_display/build/rviz_plugin_tutorial
[12.799s] Level 1:colcon.colcon_core.environment:checking '/home/misys/ros2_ws/src/point_display/install/rviz_plugin_tutorial' for CMake config files
[12.799s] Level 1:colcon.colcon_core.shell:create_environment_hook('rviz_plugin_tutorial', 'cmake_prefix_path')
[12.799s] INFO:colcon.colcon_core.shell:Creating environment hook '/home/misys/ros2_ws/src/point_display/install/rviz_plugin_tutorial/share/rviz_plugin_tutorial/hook/cmake_prefix_path.ps1'
[12.800s] INFO:colcon.colcon_core.shell:Creating environment descriptor '/home/misys/ros2_ws/src/point_display/install/rviz_plugin_tutorial/share/rviz_plugin_tutorial/hook/cmake_prefix_path.dsv'
[12.800s] INFO:colcon.colcon_core.shell:Creating environment hook '/home/misys/ros2_ws/src/point_display/install/rviz_plugin_tutorial/share/rviz_plugin_tutorial/hook/cmake_prefix_path.sh'
[12.801s] Level 1:colcon.colcon_core.environment:checking '/home/misys/ros2_ws/src/point_display/install/rviz_plugin_tutorial/lib'
[12.801s] Level 1:colcon.colcon_core.shell:create_environment_hook('rviz_plugin_tutorial', 'ld_library_path_lib')
[12.801s] INFO:colcon.colcon_core.shell:Creating environment hook '/home/misys/ros2_ws/src/point_display/install/rviz_plugin_tutorial/share/rviz_plugin_tutorial/hook/ld_library_path_lib.ps1'
[12.801s] INFO:colcon.colcon_core.shell:Creating environment descriptor '/home/misys/ros2_ws/src/point_display/install/rviz_plugin_tutorial/share/rviz_plugin_tutorial/hook/ld_library_path_lib.dsv'
[12.802s] INFO:colcon.colcon_core.shell:Creating environment hook '/home/misys/ros2_ws/src/point_display/install/rviz_plugin_tutorial/share/rviz_plugin_tutorial/hook/ld_library_path_lib.sh'
[12.802s] Level 1:colcon.colcon_core.environment:checking '/home/misys/ros2_ws/src/point_display/install/rviz_plugin_tutorial/bin'
[12.802s] Level 1:colcon.colcon_core.environment:checking '/home/misys/ros2_ws/src/point_display/install/rviz_plugin_tutorial/lib/pkgconfig/rviz_plugin_tutorial.pc'
[12.802s] Level 1:colcon.colcon_core.environment:checking '/home/misys/ros2_ws/src/point_display/install/rviz_plugin_tutorial/lib/python3.10/site-packages'
[12.802s] Level 1:colcon.colcon_core.environment:checking '/home/misys/ros2_ws/src/point_display/install/rviz_plugin_tutorial/bin'
[12.803s] INFO:colcon.colcon_core.shell:Creating package script '/home/misys/ros2_ws/src/point_display/install/rviz_plugin_tutorial/share/rviz_plugin_tutorial/package.ps1'
[12.803s] INFO:colcon.colcon_core.shell:Creating package descriptor '/home/misys/ros2_ws/src/point_display/install/rviz_plugin_tutorial/share/rviz_plugin_tutorial/package.dsv'
[12.804s] INFO:colcon.colcon_core.shell:Creating package script '/home/misys/ros2_ws/src/point_display/install/rviz_plugin_tutorial/share/rviz_plugin_tutorial/package.sh'
[12.804s] INFO:colcon.colcon_core.shell:Creating package script '/home/misys/ros2_ws/src/point_display/install/rviz_plugin_tutorial/share/rviz_plugin_tutorial/package.bash'
[12.805s] INFO:colcon.colcon_core.shell:Creating package script '/home/misys/ros2_ws/src/point_display/install/rviz_plugin_tutorial/share/rviz_plugin_tutorial/package.zsh'
[12.805s] Level 1:colcon.colcon_core.environment:create_file_with_runtime_dependencies(/home/misys/ros2_ws/src/point_display/install/rviz_plugin_tutorial/share/colcon-core/packages/rviz_plugin_tutorial)
[12.846s] Level 1:colcon.colcon_core.environment:create_environment_scripts_only(rviz_plugin_tutorial)
[12.847s] Level 1:colcon.colcon_core.environment:checking '/home/misys/ros2_ws/src/point_display/install/rviz_plugin_tutorial' for CMake module files
[12.847s] Level 1:colcon.colcon_core.environment:checking '/home/misys/ros2_ws/src/point_display/install/rviz_plugin_tutorial' for CMake config files
[12.847s] Level 1:colcon.colcon_core.shell:create_environment_hook('rviz_plugin_tutorial', 'cmake_prefix_path')
[12.848s] INFO:colcon.colcon_core.shell:Creating environment hook '/home/misys/ros2_ws/src/point_display/install/rviz_plugin_tutorial/share/rviz_plugin_tutorial/hook/cmake_prefix_path.ps1'
[12.848s] INFO:colcon.colcon_core.shell:Creating environment descriptor '/home/misys/ros2_ws/src/point_display/install/rviz_plugin_tutorial/share/rviz_plugin_tutorial/hook/cmake_prefix_path.dsv'
[12.848s] INFO:colcon.colcon_core.shell:Creating environment hook '/home/misys/ros2_ws/src/point_display/install/rviz_plugin_tutorial/share/rviz_plugin_tutorial/hook/cmake_prefix_path.sh'
[12.849s] Level 1:colcon.colcon_core.environment:checking '/home/misys/ros2_ws/src/point_display/install/rviz_plugin_tutorial/lib'
[12.849s] Level 1:colcon.colcon_core.shell:create_environment_hook('rviz_plugin_tutorial', 'ld_library_path_lib')
[12.849s] INFO:colcon.colcon_core.shell:Creating environment hook '/home/misys/ros2_ws/src/point_display/install/rviz_plugin_tutorial/share/rviz_plugin_tutorial/hook/ld_library_path_lib.ps1'
[12.850s] INFO:colcon.colcon_core.shell:Creating environment descriptor '/home/misys/ros2_ws/src/point_display/install/rviz_plugin_tutorial/share/rviz_plugin_tutorial/hook/ld_library_path_lib.dsv'
[12.850s] INFO:colcon.colcon_core.shell:Creating environment hook '/home/misys/ros2_ws/src/point_display/install/rviz_plugin_tutorial/share/rviz_plugin_tutorial/hook/ld_library_path_lib.sh'
[12.850s] Level 1:colcon.colcon_core.environment:checking '/home/misys/ros2_ws/src/point_display/install/rviz_plugin_tutorial/bin'
[12.850s] Level 1:colcon.colcon_core.environment:checking '/home/misys/ros2_ws/src/point_display/install/rviz_plugin_tutorial/lib/pkgconfig/rviz_plugin_tutorial.pc'
[12.851s] Level 1:colcon.colcon_core.environment:checking '/home/misys/ros2_ws/src/point_display/install/rviz_plugin_tutorial/lib/python3.10/site-packages'
[12.851s] Level 1:colcon.colcon_core.environment:checking '/home/misys/ros2_ws/src/point_display/install/rviz_plugin_tutorial/bin'
[12.851s] INFO:colcon.colcon_core.shell:Creating package script '/home/misys/ros2_ws/src/point_display/install/rviz_plugin_tutorial/share/rviz_plugin_tutorial/package.ps1'
[12.852s] INFO:colcon.colcon_core.shell:Creating package descriptor '/home/misys/ros2_ws/src/point_display/install/rviz_plugin_tutorial/share/rviz_plugin_tutorial/package.dsv'
[12.852s] INFO:colcon.colcon_core.shell:Creating package script '/home/misys/ros2_ws/src/point_display/install/rviz_plugin_tutorial/share/rviz_plugin_tutorial/package.sh'
[12.852s] INFO:colcon.colcon_core.shell:Creating package script '/home/misys/ros2_ws/src/point_display/install/rviz_plugin_tutorial/share/rviz_plugin_tutorial/package.bash'
[12.853s] INFO:colcon.colcon_core.shell:Creating package script '/home/misys/ros2_ws/src/point_display/install/rviz_plugin_tutorial/share/rviz_plugin_tutorial/package.zsh'
[12.853s] Level 1:colcon.colcon_core.environment:create_file_with_runtime_dependencies(/home/misys/ros2_ws/src/point_display/install/rviz_plugin_tutorial/share/colcon-core/packages/rviz_plugin_tutorial)
[12.853s] DEBUG:colcon.colcon_parallel_executor.executor.parallel:closing loop
[12.853s] DEBUG:colcon.colcon_parallel_executor.executor.parallel:loop closed
[12.854s] DEBUG:colcon.colcon_parallel_executor.executor.parallel:run_until_complete finished with '0'
[12.854s] DEBUG:colcon.colcon_core.event_reactor:joining thread
[12.859s] INFO:colcon.colcon_core.plugin_system:Skipping extension 'colcon_notification.desktop_notification.terminal_notifier': Not used on non-Darwin systems
[12.859s] INFO:colcon.colcon_core.plugin_system:Skipping extension 'colcon_notification.desktop_notification.win32': Not used on non-Windows systems
[12.859s] INFO:colcon.colcon_notification.desktop_notification:Sending desktop notification using 'notify2'
[12.875s] DEBUG:colcon.colcon_core.event_reactor:joined thread
[12.875s] INFO:colcon.colcon_core.shell:Creating prefix script '/home/misys/ros2_ws/src/point_display/install/local_setup.ps1'
[12.876s] INFO:colcon.colcon_core.shell:Creating prefix util module '/home/misys/ros2_ws/src/point_display/install/_local_setup_util_ps1.py'
[12.877s] INFO:colcon.colcon_core.shell:Creating prefix chain script '/home/misys/ros2_ws/src/point_display/install/setup.ps1'
[12.878s] INFO:colcon.colcon_core.shell:Creating prefix script '/home/misys/ros2_ws/src/point_display/install/local_setup.sh'
[12.878s] INFO:colcon.colcon_core.shell:Creating prefix util module '/home/misys/ros2_ws/src/point_display/install/_local_setup_util_sh.py'
[12.879s] INFO:colcon.colcon_core.shell:Creating prefix chain script '/home/misys/ros2_ws/src/point_display/install/setup.sh'
[12.879s] INFO:colcon.colcon_core.shell:Creating prefix script '/home/misys/ros2_ws/src/point_display/install/local_setup.bash'
[12.880s] INFO:colcon.colcon_core.shell:Creating prefix chain script '/home/misys/ros2_ws/src/point_display/install/setup.bash'
[12.880s] INFO:colcon.colcon_core.shell:Creating prefix script '/home/misys/ros2_ws/src/point_display/install/local_setup.zsh'
[12.880s] INFO:colcon.colcon_core.shell:Creating prefix chain script '/home/misys/ros2_ws/src/point_display/install/setup.zsh'
