-- Found ament_cmake: 1.3.14 (/opt/ros/humble/share/ament_cmake/cmake)
-- Found example_interfaces: 0.9.3 (/opt/ros/humble/share/example_interfaces/cmake)
-- Found rosidl_generator_c: 3.1.5 (/opt/ros/humble/share/rosidl_generator_c/cmake)
-- Found rosidl_adapter: 3.1.5 (/opt/ros/humble/share/rosidl_adapter/cmake)
-- Found rosidl_generator_cpp: 3.1.5 (/opt/ros/humble/share/rosidl_generator_cpp/cmake)
-- Using all available rosidl_typesupport_c: rosidl_typesupport_fastrtps_c;rosidl_typesupport_introspection_c
-- Using all available rosidl_typesupport_cpp: rosidl_typesupport_fastrtps_cpp;rosidl_typesupport_introspection_cpp
-- Found rclcpp: 16.0.10 (/opt/ros/humble/share/rclcpp/cmake)
-- Found rmw_implementation_cmake: 6.1.2 (/opt/ros/humble/share/rmw_implementation_cmake/cmake)
-- Found rmw_cyclonedds_cpp: 1.3.4 (/opt/ros/humble/share/rmw_cyclonedds_cpp/cmake)
-- Using RMW implementation 'rmw_cyclonedds_cpp' as default
-- Found rosbag2_cpp: 0.15.12 (/opt/ros/humble/share/rosbag2_cpp/cmake)
-- Configuring done
-- Generating done
-- Build files have been written to: /home/misys/ros2_ws/src/bag_recorder_nodes/build/bag_recorder_nodes
[ 50%] [32mBuilding CXX object CMakeFiles/simple_bag_recorder.dir/src/simple_bag_recorder.cpp.o[0m
[100%] [32m[1mLinking CXX executable simple_bag_recorder[0m
[100%] Built target simple_bag_recorder
-- Install configuration: ""
-- Installing: /home/misys/ros2_ws/src/bag_recorder_nodes/install/bag_recorder_nodes/lib/bag_recorder_nodes/simple_bag_recorder
-- Set runtime path of "/home/misys/ros2_ws/src/bag_recorder_nodes/install/bag_recorder_nodes/lib/bag_recorder_nodes/simple_bag_recorder" to ""
-- Installing: /home/misys/ros2_ws/src/bag_recorder_nodes/install/bag_recorder_nodes/share/ament_index/resource_index/package_run_dependencies/bag_recorder_nodes
-- Installing: /home/misys/ros2_ws/src/bag_recorder_nodes/install/bag_recorder_nodes/share/ament_index/resource_index/parent_prefix_path/bag_recorder_nodes
-- Installing: /home/misys/ros2_ws/src/bag_recorder_nodes/install/bag_recorder_nodes/share/bag_recorder_nodes/environment/ament_prefix_path.sh
-- Installing: /home/misys/ros2_ws/src/bag_recorder_nodes/install/bag_recorder_nodes/share/bag_recorder_nodes/environment/ament_prefix_path.dsv
-- Installing: /home/misys/ros2_ws/src/bag_recorder_nodes/install/bag_recorder_nodes/share/bag_recorder_nodes/environment/path.sh
-- Installing: /home/misys/ros2_ws/src/bag_recorder_nodes/install/bag_recorder_nodes/share/bag_recorder_nodes/environment/path.dsv
-- Installing: /home/misys/ros2_ws/src/bag_recorder_nodes/install/bag_recorder_nodes/share/bag_recorder_nodes/local_setup.bash
-- Installing: /home/misys/ros2_ws/src/bag_recorder_nodes/install/bag_recorder_nodes/share/bag_recorder_nodes/local_setup.sh
-- Installing: /home/misys/ros2_ws/src/bag_recorder_nodes/install/bag_recorder_nodes/share/bag_recorder_nodes/local_setup.zsh
-- Installing: /home/misys/ros2_ws/src/bag_recorder_nodes/install/bag_recorder_nodes/share/bag_recorder_nodes/local_setup.dsv
-- Installing: /home/misys/ros2_ws/src/bag_recorder_nodes/install/bag_recorder_nodes/share/bag_recorder_nodes/package.dsv
-- Installing: /home/misys/ros2_ws/src/bag_recorder_nodes/install/bag_recorder_nodes/share/ament_index/resource_index/packages/bag_recorder_nodes
-- Installing: /home/misys/ros2_ws/src/bag_recorder_nodes/install/bag_recorder_nodes/share/bag_recorder_nodes/cmake/bag_recorder_nodesConfig.cmake
-- Installing: /home/misys/ros2_ws/src/bag_recorder_nodes/install/bag_recorder_nodes/share/bag_recorder_nodes/cmake/bag_recorder_nodesConfig-version.cmake
-- Installing: /home/misys/ros2_ws/src/bag_recorder_nodes/install/bag_recorder_nodes/share/bag_recorder_nodes/package.xml
