[0.007s] Invoking command in '/home/misys/ros2_ws/src/bag_recorder_nodes/build/bag_recorder_nodes': CMAKE_PREFIX_PATH=/opt/ros/humble /usr/bin/cmake /home/misys/ros2_ws/src/bag_recorder_nodes -DCMAKE_INSTALL_PREFIX=/home/misys/ros2_ws/src/bag_recorder_nodes/install/bag_recorder_nodes
[0.017s] -- Found ament_cmake: 1.3.14 (/opt/ros/humble/share/ament_cmake/cmake)
[0.116s] -- Found example_interfaces: 0.9.3 (/opt/ros/humble/share/example_interfaces/cmake)
[0.132s] -- Found rosidl_generator_c: 3.1.5 (/opt/ros/humble/share/rosidl_generator_c/cmake)
[0.134s] -- Found rosidl_adapter: 3.1.5 (/opt/ros/humble/share/rosidl_adapter/cmake)
[0.137s] -- Found rosidl_generator_cpp: 3.1.5 (/opt/ros/humble/share/rosidl_generator_cpp/cmake)
[0.143s] -- Using all available rosidl_typesupport_c: rosidl_typesupport_fastrtps_c;rosidl_typesupport_introspection_c
[0.151s] -- Using all available rosidl_typesupport_cpp: rosidl_typesupport_fastrtps_cpp;rosidl_typesupport_introspection_cpp
[0.180s] -- Found rclcpp: 16.0.10 (/opt/ros/humble/share/rclcpp/cmake)
[0.196s] -- Found rmw_implementation_cmake: 6.1.2 (/opt/ros/humble/share/rmw_implementation_cmake/cmake)
[0.197s] -- Found rmw_cyclonedds_cpp: 1.3.4 (/opt/ros/humble/share/rmw_cyclonedds_cpp/cmake)
[0.208s] -- Using RMW implementation 'rmw_cyclonedds_cpp' as default
[0.239s] -- Found rosbag2_cpp: 0.15.12 (/opt/ros/humble/share/rosbag2_cpp/cmake)
[0.314s] -- Configuring done
[0.321s] -- Generating done
[0.322s] -- Build files have been written to: /home/misys/ros2_ws/src/bag_recorder_nodes/build/bag_recorder_nodes
[0.326s] Invoked command in '/home/misys/ros2_ws/src/bag_recorder_nodes/build/bag_recorder_nodes' returned '0': CMAKE_PREFIX_PATH=/opt/ros/humble /usr/bin/cmake /home/misys/ros2_ws/src/bag_recorder_nodes -DCMAKE_INSTALL_PREFIX=/home/misys/ros2_ws/src/bag_recorder_nodes/install/bag_recorder_nodes
[0.328s] Invoking command in '/home/misys/ros2_ws/src/bag_recorder_nodes/build/bag_recorder_nodes': CMAKE_PREFIX_PATH=/opt/ros/humble /usr/bin/cmake --build /home/misys/ros2_ws/src/bag_recorder_nodes/build/bag_recorder_nodes -- -j32 -l32
[0.370s] [ 50%] [32mBuilding CXX object CMakeFiles/simple_bag_recorder.dir/src/simple_bag_recorder.cpp.o[0m
[5.491s] [100%] [32m[1mLinking CXX executable simple_bag_recorder[0m
[5.753s] [100%] Built target simple_bag_recorder
[5.764s] Invoked command in '/home/misys/ros2_ws/src/bag_recorder_nodes/build/bag_recorder_nodes' returned '0': CMAKE_PREFIX_PATH=/opt/ros/humble /usr/bin/cmake --build /home/misys/ros2_ws/src/bag_recorder_nodes/build/bag_recorder_nodes -- -j32 -l32
[5.806s] Invoking command in '/home/misys/ros2_ws/src/bag_recorder_nodes/build/bag_recorder_nodes': CMAKE_PREFIX_PATH=/opt/ros/humble /usr/bin/cmake --install /home/misys/ros2_ws/src/bag_recorder_nodes/build/bag_recorder_nodes
[5.811s] -- Install configuration: ""
[5.811s] -- Installing: /home/misys/ros2_ws/src/bag_recorder_nodes/install/bag_recorder_nodes/lib/bag_recorder_nodes/simple_bag_recorder
[5.813s] -- Set runtime path of "/home/misys/ros2_ws/src/bag_recorder_nodes/install/bag_recorder_nodes/lib/bag_recorder_nodes/simple_bag_recorder" to ""
[5.813s] -- Installing: /home/misys/ros2_ws/src/bag_recorder_nodes/install/bag_recorder_nodes/share/ament_index/resource_index/package_run_dependencies/bag_recorder_nodes
[5.813s] -- Installing: /home/misys/ros2_ws/src/bag_recorder_nodes/install/bag_recorder_nodes/share/ament_index/resource_index/parent_prefix_path/bag_recorder_nodes
[5.813s] -- Installing: /home/misys/ros2_ws/src/bag_recorder_nodes/install/bag_recorder_nodes/share/bag_recorder_nodes/environment/ament_prefix_path.sh
[5.813s] -- Installing: /home/misys/ros2_ws/src/bag_recorder_nodes/install/bag_recorder_nodes/share/bag_recorder_nodes/environment/ament_prefix_path.dsv
[5.813s] -- Installing: /home/misys/ros2_ws/src/bag_recorder_nodes/install/bag_recorder_nodes/share/bag_recorder_nodes/environment/path.sh
[5.813s] -- Installing: /home/misys/ros2_ws/src/bag_recorder_nodes/install/bag_recorder_nodes/share/bag_recorder_nodes/environment/path.dsv
[5.813s] -- Installing: /home/misys/ros2_ws/src/bag_recorder_nodes/install/bag_recorder_nodes/share/bag_recorder_nodes/local_setup.bash
[5.813s] -- Installing: /home/misys/ros2_ws/src/bag_recorder_nodes/install/bag_recorder_nodes/share/bag_recorder_nodes/local_setup.sh
[5.813s] -- Installing: /home/misys/ros2_ws/src/bag_recorder_nodes/install/bag_recorder_nodes/share/bag_recorder_nodes/local_setup.zsh
[5.813s] -- Installing: /home/misys/ros2_ws/src/bag_recorder_nodes/install/bag_recorder_nodes/share/bag_recorder_nodes/local_setup.dsv
[5.813s] -- Installing: /home/misys/ros2_ws/src/bag_recorder_nodes/install/bag_recorder_nodes/share/bag_recorder_nodes/package.dsv
[5.813s] -- Installing: /home/misys/ros2_ws/src/bag_recorder_nodes/install/bag_recorder_nodes/share/ament_index/resource_index/packages/bag_recorder_nodes
[5.813s] -- Installing: /home/misys/ros2_ws/src/bag_recorder_nodes/install/bag_recorder_nodes/share/bag_recorder_nodes/cmake/bag_recorder_nodesConfig.cmake
[5.813s] -- Installing: /home/misys/ros2_ws/src/bag_recorder_nodes/install/bag_recorder_nodes/share/bag_recorder_nodes/cmake/bag_recorder_nodesConfig-version.cmake
[5.813s] -- Installing: /home/misys/ros2_ws/src/bag_recorder_nodes/install/bag_recorder_nodes/share/bag_recorder_nodes/package.xml
[5.814s] Invoked command in '/home/misys/ros2_ws/src/bag_recorder_nodes/build/bag_recorder_nodes' returned '0': CMAKE_PREFIX_PATH=/opt/ros/humble /usr/bin/cmake --install /home/misys/ros2_ws/src/bag_recorder_nodes/build/bag_recorder_nodes
